Stored The Art Jewellery Eternal Ethnic Navratna Brass Jewel Set on server 15612.
Retrieved The Art Jewellery Eternal Ethnic Navratna Brass Jewel Set from server 15612.
Retrieved The Art Jewellery Eternal Ethnic Navratna Brass Jewel Set from server 15612.
Retrieved The Art Jewellery Eternal Ethnic Navratna Brass Jewel Set from server 15612.
Retrieved The Art Jewellery Eternal Ethnic Navratna Brass Jewel Set from server 15612.
Retrieved The Art Jewellery Eternal Ethnic Navratna Brass Jewel Set from server 15612.
Retrieved The Art Jewellery Eternal Ethnic Navratna Brass Jewel Set from server 15612.
Retrieved The Art Jewellery Eternal Ethnic Navratna Brass Jewel Set from server 15612.
Retrieved The Art Jewellery Eternal Ethnic Navratna Brass Jewel Set from server 15612.
Retrieved The Art Jewellery Eternal Ethnic Navratna Brass Jewel Set from server 15612.
Retrieved The Art Jewellery Eternal Ethnic Navratna Brass Jewel Set from server 15612.
Retrieved The Art Jewellery Eternal Ethnic Navratna Brass Jewel Set from server 15612.
Retrieved The Art Jewellery Eternal Ethnic Navratna Brass Jewel Set from server 15612.
Retrieved The Art Jewellery Eternal Ethnic Navratna Brass Jewel Set from server 15612.
Stored LondonHouze Printed Women's Round Neck Grey T-Shirt on server 37849.
Retrieved LondonHouze Printed Women's Round Neck Grey T-Shirt from server 37849.
Retrieved The Art Jewellery Eternal Ethnic Navratna Brass Jewel Set from server 15612.
Retrieved The Art Jewellery Eternal Ethnic Navratna Brass Jewel Set from server 15612.
Retrieved LondonHouze Printed Women's Round Neck Grey T-Shirt from server 37849.
Retrieved LondonHouze Printed Women's Round Neck Grey T-Shirt from server 37849.
Retrieved LondonHouze Printed Women's Round Neck Grey T-Shirt from server 37849.
Retrieved LondonHouze Printed Women's Round Neck Grey T-Shirt from server 37849.
Retrieved The Art Jewellery Eternal Ethnic Navratna Brass Jewel Set from server 15612.
Retrieved LondonHouze Printed Women's Round Neck Grey T-Shirt from server 37849.
Retrieved The Art Jewellery Eternal Ethnic Navratna Brass Jewel Set from server 15612.
Retrieved LondonHouze Printed Women's Round Neck Grey T-Shirt from server 37849.
Stored Clear Shield CS-397 Screen Guard for Nokia Lumia 830 on server 99960.
Retrieved Clear Shield CS-397 Screen Guard for Nokia Lumia 830 from server 99960.
Retrieved Clear Shield CS-397 Screen Guard for Nokia Lumia 830 from server 99960.
Retrieved The Art Jewellery Eternal Ethnic Navratna Brass Jewel Set from server 15612.
Retrieved LondonHouze Printed Women's Round Neck Grey T-Shirt from server 37849.
Stored Raymond Abstract Double Blanket Brown on server 82167.
Retrieved Clear Shield CS-397 Screen Guard for Nokia Lumia 830 from server 99960.
Retrieved Clear Shield CS-397 Screen Guard for Nokia Lumia 830 from server 99960.
Retrieved Raymond Abstract Double Blanket Brown from server 82167.
Retrieved Clear Shield CS-397 Screen Guard for Nokia Lumia 830 from server 99960.
Retrieved The Art Jewellery Eternal Ethnic Navratna Brass Jewel Set from server 15612.
Retrieved Raymond Abstract Double Blanket Brown from server 82167.
Retrieved The Art Jewellery Eternal Ethnic Navratna Brass Jewel Set from server 15612.
Retrieved LondonHouze Printed Women's Round Neck Grey T-Shirt from server 37849.
Retrieved Raymond Abstract Double Blanket Brown from server 82167.
Retrieved Clear Shield CS-397 Screen Guard for Nokia Lumia 830 from server 99960.
Retrieved LondonHouze Printed Women's Round Neck Grey T-Shirt from server 37849.
Retrieved Raymond Abstract Double Blanket Brown from server 82167.
Retrieved Raymond Abstract Double Blanket Brown from server 82167.
Retrieved Clear Shield CS-397 Screen Guard for Nokia Lumia 830 from server 99960.
Retrieved The Art Jewellery Eternal Ethnic Navratna Brass Jewel Set from server 15612.
Retrieved Raymond Abstract Double Blanket Brown from server 82167.
Retrieved Raymond Abstract Double Blanket Brown from server 82167.
Retrieved Raymond Abstract Double Blanket Brown from server 82167.
Stored Himtek 9o V-99 USB Led Light on server 82231.
Retrieved LondonHouze Printed Women's Round Neck Grey T-Shirt from server 37849.
Retrieved Clear Shield CS-397 Screen Guard for Nokia Lumia 830 from server 99960.
Retrieved Himtek 9o V-99 USB Led Light from server 82231.
Retrieved LondonHouze Printed Women's Round Neck Grey T-Shirt from server 37849.
Retrieved Himtek 9o V-99 USB Led Light from server 82231.
Retrieved Himtek 9o V-99 USB Led Light from server 82231.
Retrieved The Art Jewellery Eternal Ethnic Navratna Brass Jewel Set from server 15612.
Retrieved Clear Shield CS-397 Screen Guard for Nokia Lumia 830 from server 99960.
Retrieved Raymond Abstract Double Blanket Brown from server 82167.
Retrieved Himtek 9o V-99 USB Led Light from server 82231.
Retrieved Himtek 9o V-99 USB Led Light from server 82231.
Retrieved Clear Shield CS-397 Screen Guard for Nokia Lumia 830 from server 99960.
Retrieved Raymond Abstract Double Blanket Brown from server 82167.
Stored ARRA Solid Wood 3 Seater Sofa on server 99960.
Retrieved Raymond Abstract Double Blanket Brown from server 82167.
Retrieved The Art Jewellery Eternal Ethnic Navratna Brass Jewel Set from server 15612.
Retrieved The Art Jewellery Eternal Ethnic Navratna Brass Jewel Set from server 15612.
Retrieved Himtek 9o V-99 USB Led Light from server 82231.
Stored Times TIMES_98 Formal Analog Watch  - For Women, Girls on server 93531.
Retrieved LondonHouze Printed Women's Round Neck Grey T-Shirt from server 37849.
Retrieved LondonHouze Printed Women's Round Neck Grey T-Shirt from server 37849.
Retrieved The Art Jewellery Eternal Ethnic Navratna Brass Jewel Set from server 15612.
Retrieved Raymond Abstract Double Blanket Brown from server 82167.
Retrieved The Art Jewellery Eternal Ethnic Navratna Brass Jewel Set from server 15612.
Retrieved Clear Shield CS-397 Screen Guard for Nokia Lumia 830 from server 99960.
Retrieved Himtek 9o V-99 USB Led Light from server 82231.
Retrieved LondonHouze Printed Women's Round Neck Grey T-Shirt from server 37849.
Retrieved Clear Shield CS-397 Screen Guard for Nokia Lumia 830 from server 99960.
Retrieved ARRA Solid Wood 3 Seater Sofa from server 99960.
Stored Northern Lights Striped Men's Polo Neck T-Shirt on server 46455.
Retrieved The Art Jewellery Eternal Ethnic Navratna Brass Jewel Set from server 15612.
Stored Oleva Women's Full Coverage Bra on server 93531.
Retrieved The Art Jewellery Eternal Ethnic Navratna Brass Jewel Set from server 15612.
Retrieved LondonHouze Printed Women's Round Neck Grey T-Shirt from server 37849.
Retrieved ARRA Solid Wood 3 Seater Sofa from server 99960.
Stored Sloper Regular Fit Men's Trousers on server 82231.
Retrieved The Art Jewellery Eternal Ethnic Navratna Brass Jewel Set from server 15612.
Retrieved Northern Lights Striped Men's Polo Neck T-Shirt from server 46455.
Retrieved Oleva Women's Full Coverage Bra from server 93531.
Retrieved ARRA Solid Wood 3 Seater Sofa from server 99960.
Retrieved Oleva Women's Full Coverage Bra from server 93531.
Retrieved Northern Lights Striped Men's Polo Neck T-Shirt from server 46455.
Retrieved The Art Jewellery Eternal Ethnic Navratna Brass Jewel Set from server 15612.
Retrieved ARRA Solid Wood 3 Seater Sofa from server 99960.
Retrieved Sloper Regular Fit Men's Trousers from server 82231.
Retrieved Clear Shield CS-397 Screen Guard for Nokia Lumia 830 from server 99960.
Retrieved Raymond Abstract Double Blanket Brown from server 51336.
Retrieved ARRA Solid Wood 3 Seater Sofa from server 99960.
Retrieved Raymond Abstract Double Blanket Brown from server 51336.
Retrieved Oleva Women's Full Coverage Bra from server 93531.
Retrieved LondonHouze Printed Women's Round Neck Grey T-Shirt from server 37849.
Retrieved Himtek 9o V-99 USB Led Light from server 82231.
Retrieved Raymond Abstract Double Blanket Brown from server 51336.
Retrieved Clear Shield CS-397 Screen Guard for Nokia Lumia 830 from server 99960.
Retrieved The Art Jewellery Eternal Ethnic Navratna Brass Jewel Set from server 15612.
Retrieved Sloper Regular Fit Men's Trousers from server 82231.
Retrieved Northern Lights Striped Men's Polo Neck T-Shirt from server 46455.
Retrieved Oleva Women's Full Coverage Bra from server 93531.
Retrieved LondonHouze Printed Women's Round Neck Grey T-Shirt from server 37849.
Retrieved ARRA Solid Wood 3 Seater Sofa from server 99960.
Stored Herberto Girl's A-line Dress on server 45807.
Retrieved The Art Jewellery Eternal Ethnic Navratna Brass Jewel Set from server 15612.
Retrieved Times TIMES_98 Formal Analog Watch  - For Women, Girls from server 93531.
Retrieved Herberto Girl's A-line Dress from server 45807.
Retrieved Himtek 9o V-99 USB Led Light from server 82231.
Stored Fashion Jewellery Alloy Necklace on server 93531.
Retrieved ARRA Solid Wood 3 Seater Sofa from server 99960.
Retrieved Northern Lights Striped Men's Polo Neck T-Shirt from server 46455.
Retrieved Oleva Women's Full Coverage Bra from server 93531.
Retrieved LondonHouze Printed Women's Round Neck Grey T-Shirt from server 37849.
Retrieved Northern Lights Striped Men's Polo Neck T-Shirt from server 46455.
Retrieved Sloper Regular Fit Men's Trousers from server 82231.
Retrieved LondonHouze Printed Women's Round Neck Grey T-Shirt from server 37849.
Retrieved ARRA Solid Wood 3 Seater Sofa from server 99960.
Retrieved Himtek 9o V-99 USB Led Light from server 82231.
Stored Voylla Metal, Alloy Jewel Set on server 82167.
Stored Kiosha Women's Printed Casual Shirt on server 93531.
Retrieved Herberto Girl's A-line Dress from server 45807.
Retrieved Clear Shield CS-397 Screen Guard for Nokia Lumia 830 from server 99960.
Retrieved Voylla Metal, Alloy Jewel Set from server 82167.
Retrieved ARRA Solid Wood 3 Seater Sofa from server 99960.
Retrieved Northern Lights Striped Men's Polo Neck T-Shirt from server 46455.
Retrieved Kiosha Women's Printed Casual Shirt from server 93531.
Stored Rainfun Solid Men's Raincoat on server 34312.
Retrieved Sloper Regular Fit Men's Trousers from server 82231.
Retrieved Oleva Women's Full Coverage Bra from server 93531.
Retrieved Northern Lights Striped Men's Polo Neck T-Shirt from server 46455.
Retrieved Himtek 9o V-99 USB Led Light from server 82231.
Retrieved LondonHouze Printed Women's Round Neck Grey T-Shirt from server 37849.
Retrieved Voylla Metal, Alloy Jewel Set from server 82167.
Retrieved Clear Shield CS-397 Screen Guard for Nokia Lumia 830 from server 99960.
Retrieved The Art Jewellery Eternal Ethnic Navratna Brass Jewel Set from server 15612.
Retrieved Times TIMES_98 Formal Analog Watch  - For Women, Girls from server 93531.
Retrieved Voylla Metal, Alloy Jewel Set from server 82167.
Retrieved The Art Jewellery Eternal Ethnic Navratna Brass Jewel Set from server 15612.
Retrieved Voylla Metal, Alloy Jewel Set from server 82167.
Retrieved Kiosha Women's Printed Casual Shirt from server 93531.
Stored Xtreme MB Windtone For TVS Pep Plus 110 dB Vehicle Horn on server 16989.
Retrieved LondonHouze Printed Women's Round Neck Grey T-Shirt from server 37849.
Retrieved Clear Shield CS-397 Screen Guard for Nokia Lumia 830 from server 99960.
Retrieved Xtreme MB Windtone For TVS Pep Plus 110 dB Vehicle Horn from server 16989.
Retrieved Sloper Regular Fit Men's Trousers from server 82231.
Retrieved Clear Shield CS-397 Screen Guard for Nokia Lumia 830 from server 99960.
Retrieved Times TIMES_98 Formal Analog Watch  - For Women, Girls from server 93208.
Retrieved Clear Shield CS-397 Screen Guard for Nokia Lumia 830 from server 99960.
Stored Campap Elvieser (5 subject) (Set of 1) B5 Notebook Spiral Bound on server 37849.
Retrieved The Art Jewellery Eternal Ethnic Navratna Brass Jewel Set from server 44487.
Retrieved Northern Lights Striped Men's Polo Neck T-Shirt from server 46455.
Retrieved Sloper Regular Fit Men's Trousers from server 82231.
Retrieved Herberto Girl's A-line Dress from server 45807.
Retrieved Rainfun Solid Men's Raincoat from server 34312.
Retrieved LondonHouze Printed Women's Round Neck Grey T-Shirt from server 37849.
Retrieved ARRA Solid Wood 3 Seater Sofa from server 23777.
Retrieved Fashion Jewellery Alloy Necklace from server 50136.
Retrieved The Art Jewellery Eternal Ethnic Navratna Brass Jewel Set from server 44487.
Retrieved Times TIMES_98 Formal Analog Watch  - For Women, Girls from server 93208.
Retrieved Herberto Girl's A-line Dress from server 45807.
Retrieved Campap Elvieser (5 subject) (Set of 1) B5 Notebook Spiral Bound from server 37849.
Retrieved Voylla Metal, Alloy Jewel Set from server 82167.
Retrieved Kiosha Women's Printed Casual Shirt from server 85730.
Retrieved Himtek 9o V-99 USB Led Light from server 51309.
Retrieved Raymond Abstract Double Blanket Brown from server 51336.
Retrieved Clear Shield CS-397 Screen Guard for Nokia Lumia 830 from server 99960.
Retrieved LondonHouze Printed Women's Round Neck Grey T-Shirt from server 37849.
Retrieved Raymond Abstract Double Blanket Brown from server 51336.
Retrieved Raymond Abstract Double Blanket Brown from server 51336.
Retrieved Kiosha Women's Printed Casual Shirt from server 85730.
Retrieved Raymond Abstract Double Blanket Brown from server 51336.
Stored Lilliput Top Baby Girl's  Combo on server 7586.
Retrieved Times TIMES_98 Formal Analog Watch  - For Women, Girls from server 93208.
Retrieved Raymond Abstract Double Blanket Brown from server 51336.
Retrieved Fashion Jewellery Alloy Necklace from server 50136.
Retrieved Raymond Abstract Double Blanket Brown from server 51336.
Stored Karatcraft Ravishing Embrace Yellow Gold Diamond 18 K Ring on server 92718.
Retrieved Xtreme MB Windtone For TVS Pep Plus 110 dB Vehicle Horn from server 16989.
Retrieved The Art Jewellery Eternal Ethnic Navratna Brass Jewel Set from server 74823.
Retrieved Oleva Women's Full Coverage Bra from server 93208.
Retrieved Himtek 9o V-99 USB Led Light from server 51309.
Retrieved Raymond Abstract Double Blanket Brown from server 51336.
Retrieved ARRA Solid Wood 3 Seater Sofa from server 23777.
Retrieved Clear Shield CS-397 Screen Guard for Nokia Lumia 830 from server 99960.
Retrieved Clear Shield CS-397 Screen Guard for Nokia Lumia 830 from server 99960.
Retrieved The Art Jewellery Eternal Ethnic Navratna Brass Jewel Set from server 74823.
Retrieved Raymond Abstract Double Blanket Brown from server 51336.
Retrieved Xtreme MB Windtone For TVS Pep Plus 110 dB Vehicle Horn from server 16989.
Retrieved Voylla Metal, Alloy Jewel Set from server 82167.
Retrieved LondonHouze Printed Women's Round Neck Grey T-Shirt from server 37849.
Stored Kuhuk Plastic Bangle Set on server 45807.
Retrieved Voylla Metal, Alloy Jewel Set from server 82167.
Retrieved Northern Lights Striped Men's Polo Neck T-Shirt from server 46455.
Retrieved Himtek 9o V-99 USB Led Light from server 51309.
Retrieved Kuhuk Plastic Bangle Set from server 45807.
Retrieved Herberto Girl's A-line Dress from server 45807.
Retrieved Sloper Regular Fit Men's Trousers from server 82231.
Retrieved Himtek 9o V-99 USB Led Light from server 51309.
Retrieved Northern Lights Striped Men's Polo Neck T-Shirt from server 46455.
Retrieved Kuhuk Plastic Bangle Set from server 45807.
Retrieved The Art Jewellery Eternal Ethnic Navratna Brass Jewel Set from server 74823.
Stored Vinnis Alloy, Fabric Necklace on server 99960.
Retrieved Sloper Regular Fit Men's Trousers from server 82231.
Retrieved Fashion Jewellery Alloy Necklace from server 50136.
Retrieved Himtek 9o V-99 USB Led Light from server 51309.
Retrieved The Art Jewellery Eternal Ethnic Navratna Brass Jewel Set from server 74823.
Retrieved Xtreme MB Windtone For TVS Pep Plus 110 dB Vehicle Horn from server 16989.
Retrieved Times TIMES_98 Formal Analog Watch  - For Women, Girls from server 93208.
Retrieved Herberto Girl's A-line Dress from server 45807.
Retrieved LondonHouze Printed Women's Round Neck Grey T-Shirt from server 37849.
Retrieved LondonHouze Printed Women's Round Neck Grey T-Shirt from server 37849.
Retrieved Sloper Regular Fit Men's Trousers from server 82231.
Retrieved Clear Shield CS-397 Screen Guard for Nokia Lumia 830 from server 99960.
