Stored Mahek Saree Striped Fashion Cotton Sari on server 815.
Retrieved Mahek Saree Striped Fashion Cotton Sari from server 815.
Stored Allure Auto CM 1691 Car Mat Toyota Corolla Altis on server 39120.
Stored Rajrang Wooden BSW018 Showpiece  -  28 cm on server 815.
Retrieved Mahek Saree Striped Fashion Cotton Sari from server 815.
Retrieved Rajrang Wooden BSW018 Showpiece  -  28 cm from server 815.
Stored Floozy Its My Choice Women's Push-up Bra on server 815.
Retrieved Mahek Saree Striped Fashion Cotton Sari from server 815.
Stored GetAbhi Printed Tie on server 815.
Stored Cation Casual Sleeveless Solid Women's Top on server 39120.
Retrieved Floozy Its My Choice Women's Push-up Bra from server 815.
