Stored trustedsnap Solid Women's Tunic on server 47838.
Retrieved trustedsnap Solid Women's Tunic from server 47838.
Stored EIRA Casual Printed Women's Kurti on server 4974.
Retrieved trustedsnap Solid Women's Tunic from server 47838.
Stored SportsHouse makhan chor krishna Radium Showpiece  -  23 cm on server 25301.
Retrieved trustedsnap Solid Women's Tunic from server 47838.
Stored D-Link DIR-816 Wireless AC750 Dual Band Router on server 89305.
Stored FashionPedia Canvas Shoes, Sneakers on server 58225.
Retrieved D-Link DIR-816 Wireless AC750 Dual Band Router from server 89305.
Stored Grafion by Grafion - Comfort Feel Women's Full Coverage Bra on server 58225.
Retrieved Grafion by Grafion - Comfort Feel Women's Full Coverage Bra from server 58225.
