Stored Oxolloxo Women's Printed Casual Shirt on server 48311.
Stored Muquam Stretchable Bandeau Women's Tube Bra on server 6448.
Retrieved Muquam Stretchable Bandeau Women's Tube Bra from server 6448.
Retrieved Oxolloxo Women's Printed Casual Shirt from server 48311.
Retrieved Muquam Stretchable Bandeau Women's Tube Bra from server 6448.
Retrieved Oxolloxo Women's Printed Casual Shirt from server 48311.
Retrieved Oxolloxo Women's Printed Casual Shirt from server 48311.
Retrieved Muquam Stretchable Bandeau Women's Tube Bra from server 6448.
Retrieved Oxolloxo Women's Printed Casual Shirt from server 48311.
Retrieved Oxolloxo Women's Printed Casual Shirt from server 48311.
Retrieved Oxolloxo Women's Printed Casual Shirt from server 48311.
Stored Akfoster Women's Leggings on server 89697.
Retrieved Akfoster Women's Leggings from server 89697.
Retrieved Oxolloxo Women's Printed Casual Shirt from server 48311.
Stored Cation Casual Short Sleeve Solid Women's Top on server 6448.
Retrieved Cation Casual Short Sleeve Solid Women's Top from server 6448.
Stored Mxofere Combo Orange Papaya Jasmine Lemongrass Almond Honey Soap Kit on server 85746.
Retrieved Akfoster Women's Leggings from server 85746.
Retrieved Mxofere Combo Orange Papaya Jasmine Lemongrass Almond Honey Soap Kit from server 85746.
Retrieved Cation Casual Short Sleeve Solid Women's Top from server 89697.
Retrieved Oxolloxo Women's Printed Casual Shirt from server 689.
Retrieved Akfoster Women's Leggings from server 85746.
Retrieved Muquam Stretchable Bandeau Women's Tube Bra from server 85746.
Retrieved Oxolloxo Women's Printed Casual Shirt from server 689.
Retrieved Oxolloxo Women's Printed Casual Shirt from server 29651.
Retrieved Oxolloxo Women's Printed Casual Shirt from server 29651.
Retrieved Mxofere Combo Orange Papaya Jasmine Lemongrass Almond Honey Soap Kit from server 29651.
Retrieved Oxolloxo Women's Printed Casual Shirt from server 29651.
Retrieved Akfoster Women's Leggings from server 21676.
Retrieved Akfoster Women's Leggings from server 21676.
Retrieved Oxolloxo Women's Printed Casual Shirt from server 29651.
Retrieved Cation Casual Short Sleeve Solid Women's Top from server 89697.
Retrieved Mxofere Combo Orange Papaya Jasmine Lemongrass Almond Honey Soap Kit from server 29651.
Retrieved Oxolloxo Women's Printed Casual Shirt from server 29651.
Retrieved Mxofere Combo Orange Papaya Jasmine Lemongrass Almond Honey Soap Kit from server 29651.
Retrieved Mxofere Combo Orange Papaya Jasmine Lemongrass Almond Honey Soap Kit from server 29651.
Retrieved Mxofere Combo Orange Papaya Jasmine Lemongrass Almond Honey Soap Kit from server 29651.
Retrieved Muquam Stretchable Bandeau Women's Tube Bra from server 11895.
Retrieved Oxolloxo Women's Printed Casual Shirt from server 29651.
Stored Dilan Jewels Alloy Zircon 18K Yellow Gold Bangle Set on server 70947.
Retrieved Mxofere Combo Orange Papaya Jasmine Lemongrass Almond Honey Soap Kit from server 29651.
Retrieved Cation Casual Short Sleeve Solid Women's Top from server 89697.
Retrieved Dilan Jewels Alloy Zircon 18K Yellow Gold Bangle Set from server 70947.
Retrieved Cation Casual Short Sleeve Solid Women's Top from server 89697.
Retrieved Cation Casual Short Sleeve Solid Women's Top from server 89697.
Retrieved Dilan Jewels Alloy Zircon 18K Yellow Gold Bangle Set from server 70947.
Retrieved Mxofere Combo Orange Papaya Jasmine Lemongrass Almond Honey Soap Kit from server 29651.
Retrieved Muquam Stretchable Bandeau Women's Tube Bra from server 11895.
Retrieved Akfoster Women's Leggings from server 29651.
Retrieved Muquam Stretchable Bandeau Women's Tube Bra from server 11895.
Retrieved Cation Casual Short Sleeve Solid Women's Top from server 89697.
Retrieved Cation Casual Short Sleeve Solid Women's Top from server 89697.
Retrieved Oxolloxo Women's Printed Casual Shirt from server 29651.
Stored The Curve Full Sleeve Solid Men's Quilted Jacket on server 67266.
Retrieved Akfoster Women's Leggings from server 29651.
Retrieved Oxolloxo Women's Printed Casual Shirt from server 29651.
Retrieved Cation Casual Short Sleeve Solid Women's Top from server 89697.
Retrieved Muquam Stretchable Bandeau Women's Tube Bra from server 11895.
Retrieved Akfoster Women's Leggings from server 29651.
Stored Volaliva Metal Choker on server 70947.
Retrieved Volaliva Metal Choker from server 70947.
Stored Style Buy Style Women Heels on server 46832.
Retrieved Muquam Stretchable Bandeau Women's Tube Bra from server 11895.
Retrieved Volaliva Metal Choker from server 87116.
Retrieved Style Buy Style Women Heels from server 46832.
Stored Spa Culture Fit Fit Women's Light Blue Jeans on server 91967.
Retrieved Oxolloxo Women's Printed Casual Shirt from server 29651.
Retrieved Akfoster Women's Leggings from server 9022.
Retrieved Akfoster Women's Leggings from server 9022.
Retrieved The Curve Full Sleeve Solid Men's Quilted Jacket from server 67266.
Retrieved Oxolloxo Women's Printed Casual Shirt from server 29651.
Retrieved Volaliva Metal Choker from server 87116.
Retrieved The Curve Full Sleeve Solid Men's Quilted Jacket from server 67266.
Retrieved Mxofere Combo Orange Papaya Jasmine Lemongrass Almond Honey Soap Kit from server 29651.
Retrieved Cation Casual Short Sleeve Solid Women's Top from server 89697.
Retrieved Oxolloxo Women's Printed Casual Shirt from server 29651.
Retrieved Style Buy Style Women Heels from server 46832.
Retrieved Oxolloxo Women's Printed Casual Shirt from server 29651.
Retrieved Style Buy Style Women Heels from server 46832.
Retrieved Akfoster Women's Leggings from server 35452.
Retrieved Volaliva Metal Choker from server 87116.
Retrieved Spa Culture Fit Fit Women's Light Blue Jeans from server 16905.
Retrieved Volaliva Metal Choker from server 87116.
Retrieved Style Buy Style Women Heels from server 46832.
Retrieved Muquam Stretchable Bandeau Women's Tube Bra from server 11895.
Retrieved The Curve Full Sleeve Solid Men's Quilted Jacket from server 67266.
Retrieved Akfoster Women's Leggings from server 35452.
Retrieved Spa Culture Fit Fit Women's Light Blue Jeans from server 16905.
Retrieved Akfoster Women's Leggings from server 35452.
Retrieved Mxofere Combo Orange Papaya Jasmine Lemongrass Almond Honey Soap Kit from server 29651.
Retrieved Muquam Stretchable Bandeau Women's Tube Bra from server 11895.
Retrieved Style Buy Style Women Heels from server 46832.
Retrieved Dilan Jewels Alloy Zircon 18K Yellow Gold Bangle Set from server 87116.
Retrieved Volaliva Metal Choker from server 87116.
Retrieved The Curve Full Sleeve Solid Men's Quilted Jacket from server 67266.
Retrieved Oxolloxo Women's Printed Casual Shirt from server 29651.
Retrieved Volaliva Metal Choker from server 29651.
Stored Karatcraft Fragilis Yellow Gold Diamond 18 K Ring on server 24146.
Retrieved Muquam Stretchable Bandeau Women's Tube Bra from server 11895.
Retrieved Mxofere Combo Orange Papaya Jasmine Lemongrass Almond Honey Soap Kit from server 14235.
Retrieved Oxolloxo Women's Printed Casual Shirt from server 29651.
Retrieved Dilan Jewels Alloy Zircon 18K Yellow Gold Bangle Set from server 29651.
Retrieved Oxolloxo Women's Printed Casual Shirt from server 29651.
Retrieved Mxofere Combo Orange Papaya Jasmine Lemongrass Almond Honey Soap Kit from server 14235.
Retrieved Akfoster Women's Leggings from server 14235.
Retrieved Spa Culture Fit Fit Women's Light Blue Jeans from server 16905.
Retrieved Akfoster Women's Leggings from server 14235.
Retrieved Volaliva Metal Choker from server 29651.
Retrieved Akfoster Women's Leggings from server 14235.
Retrieved Volaliva Metal Choker from server 29651.
Retrieved Dilan Jewels Alloy Zircon 18K Yellow Gold Bangle Set from server 29651.
