Stored Dimple Creation two sided pin with pear layer Brooch on server 73287.
Retrieved Dimple Creation two sided pin with pear layer Brooch from server 73287.
Retrieved Dimple Creation two sided pin with pear layer Brooch from server 86514.
Retrieved Dimple Creation two sided pin with pear layer Brooch from server 86514.
Retrieved Dimple Creation two sided pin with pear layer Brooch from server 66682.
Retrieved Dimple Creation two sided pin with pear layer Brooch from server 66682.
Retrieved Dimple Creation two sided pin with pear layer Brooch from server 66682.
Retrieved Dimple Creation two sided pin with pear layer Brooch from server 66682.
Retrieved Dimple Creation two sided pin with pear layer Brooch from server 66682.
Retrieved Dimple Creation two sided pin with pear layer Brooch from server 66682.
Retrieved Dimple Creation two sided pin with pear layer Brooch from server 66682.
Retrieved Dimple Creation two sided pin with pear layer Brooch from server 66682.
Retrieved Dimple Creation two sided pin with pear layer Brooch from server 66682.
Retrieved Dimple Creation two sided pin with pear layer Brooch from server 66682.
Retrieved Dimple Creation two sided pin with pear layer Brooch from server 66682.
Retrieved Dimple Creation two sided pin with pear layer Brooch from server 66682.
Retrieved Dimple Creation two sided pin with pear layer Brooch from server 66682.
Retrieved Dimple Creation two sided pin with pear layer Brooch from server 66682.
Retrieved Dimple Creation two sided pin with pear layer Brooch from server 66682.
Retrieved Dimple Creation two sided pin with pear layer Brooch from server 66682.
Retrieved Dimple Creation two sided pin with pear layer Brooch from server 66682.
Retrieved Dimple Creation two sided pin with pear layer Brooch from server 66682.
Retrieved Dimple Creation two sided pin with pear layer Brooch from server 66682.
Retrieved Dimple Creation two sided pin with pear layer Brooch from server 66682.
Retrieved Dimple Creation two sided pin with pear layer Brooch from server 66682.
Retrieved Dimple Creation two sided pin with pear layer Brooch from server 66682.
Retrieved Dimple Creation two sided pin with pear layer Brooch from server 66682.
Retrieved Dimple Creation two sided pin with pear layer Brooch from server 66682.
Retrieved Dimple Creation two sided pin with pear layer Brooch from server 66682.
Retrieved Dimple Creation two sided pin with pear layer Brooch from server 66682.
Retrieved Dimple Creation two sided pin with pear layer Brooch from server 66682.
Retrieved Dimple Creation two sided pin with pear layer Brooch from server 66682.
Retrieved Dimple Creation two sided pin with pear layer Brooch from server 66682.
Retrieved Dimple Creation two sided pin with pear layer Brooch from server 66682.
Retrieved Dimple Creation two sided pin with pear layer Brooch from server 66682.
Retrieved Dimple Creation two sided pin with pear layer Brooch from server 66682.
Retrieved Dimple Creation two sided pin with pear layer Brooch from server 66682.
Retrieved Dimple Creation two sided pin with pear layer Brooch from server 66682.
Retrieved Dimple Creation two sided pin with pear layer Brooch from server 66682.
Retrieved Dimple Creation two sided pin with pear layer Brooch from server 66682.
Retrieved Dimple Creation two sided pin with pear layer Brooch from server 66682.
Retrieved Dimple Creation two sided pin with pear layer Brooch from server 66682.
Retrieved Dimple Creation two sided pin with pear layer Brooch from server 66682.
Retrieved Dimple Creation two sided pin with pear layer Brooch from server 57731.
Retrieved Dimple Creation two sided pin with pear layer Brooch from server 57731.
Retrieved Dimple Creation two sided pin with pear layer Brooch from server 57731.
Retrieved Dimple Creation two sided pin with pear layer Brooch from server 57731.
Retrieved Dimple Creation two sided pin with pear layer Brooch from server 57731.
Retrieved Dimple Creation two sided pin with pear layer Brooch from server 57731.
Retrieved Dimple Creation two sided pin with pear layer Brooch from server 57731.
Retrieved Dimple Creation two sided pin with pear layer Brooch from server 57731.
Key 5e02e7b0f623ee533ab10869843b6c6c not present.
Stored Zaffre's Purple 183 cm Table Runner on server 50337.
Stored Sam Stefy Boots on server 34532.
Stored Voylla Cubic Zirconia Alloy Necklace on server 50337.
Stored Babeezworld Baby Boy's Romper on server 68636.
Stored Jewelizer Alloy Necklace on server 82836.
