Stored Maxima 20020LMGI Attivo Analog Watch  - For Men on server 7495.
Retrieved Maxima 20020LMGI Attivo Analog Watch  - For Men from server 7495.
Retrieved Maxima 20020LMGI Attivo Analog Watch  - For Men from server 7495.
Retrieved Maxima 20020LMGI Attivo Analog Watch  - For Men from server 7495.
Retrieved Maxima 20020LMGI Attivo Analog Watch  - For Men from server 7495.
Retrieved Maxima 20020LMGI Attivo Analog Watch  - For Men from server 7495.
Retrieved Maxima 20020LMGI Attivo Analog Watch  - For Men from server 7495.
Retrieved Maxima 20020LMGI Attivo Analog Watch  - For Men from server 7495.
Retrieved Maxima 20020LMGI Attivo Analog Watch  - For Men from server 7495.
Retrieved Maxima 20020LMGI Attivo Analog Watch  - For Men from server 7495.
Retrieved Maxima 20020LMGI Attivo Analog Watch  - For Men from server 7495.
Retrieved Maxima 20020LMGI Attivo Analog Watch  - For Men from server 7495.
Retrieved Maxima 20020LMGI Attivo Analog Watch  - For Men from server 7495.
Retrieved Maxima 20020LMGI Attivo Analog Watch  - For Men from server 7495.
Retrieved Maxima 20020LMGI Attivo Analog Watch  - For Men from server 26569.
Retrieved Maxima 20020LMGI Attivo Analog Watch  - For Men from server 26569.
Retrieved Maxima 20020LMGI Attivo Analog Watch  - For Men from server 23373.
Retrieved Maxima 20020LMGI Attivo Analog Watch  - For Men from server 23373.
Retrieved Maxima 20020LMGI Attivo Analog Watch  - For Men from server 23373.
Retrieved Maxima 20020LMGI Attivo Analog Watch  - For Men from server 23373.
Retrieved Maxima 20020LMGI Attivo Analog Watch  - For Men from server 23373.
Retrieved Maxima 20020LMGI Attivo Analog Watch  - For Men from server 23373.
Retrieved Maxima 20020LMGI Attivo Analog Watch  - For Men from server 23373.
Stored AKUP happy-new-year-love- Ceramic Mug on server 23373.
Retrieved Maxima 20020LMGI Attivo Analog Watch  - For Men from server 23373.
Retrieved Maxima 20020LMGI Attivo Analog Watch  - For Men from server 23373.
Retrieved AKUP happy-new-year-love- Ceramic Mug from server 23373.
Retrieved Maxima 20020LMGI Attivo Analog Watch  - For Men from server 23373.
Retrieved AKUP happy-new-year-love- Ceramic Mug from server 23373.
Retrieved AKUP happy-new-year-love- Ceramic Mug from server 23373.
Retrieved Maxima 20020LMGI Attivo Analog Watch  - For Men from server 69197.
Retrieved Maxima 20020LMGI Attivo Analog Watch  - For Men from server 69197.
Retrieved AKUP happy-new-year-love- Ceramic Mug from server 23373.
Retrieved AKUP happy-new-year-love- Ceramic Mug from server 23373.
Retrieved Maxima 20020LMGI Attivo Analog Watch  - For Men from server 69197.
Stored Leebonee Geometric Print V-neck Casual Men's Sweater on server 69197.
Retrieved Leebonee Geometric Print V-neck Casual Men's Sweater from server 69197.
Retrieved Maxima 20020LMGI Attivo Analog Watch  - For Men from server 69197.
Retrieved AKUP happy-new-year-love- Ceramic Mug from server 23373.
Stored Pg handicrafts Beaded two drawers sofa set showpiece Showpiece  -  10.5 cm on server 7336.
Retrieved AKUP happy-new-year-love- Ceramic Mug from server 23373.
Retrieved Maxima 20020LMGI Attivo Analog Watch  - For Men from server 69197.
Retrieved Maxima 20020LMGI Attivo Analog Watch  - For Men from server 69197.
Retrieved AKUP happy-new-year-love- Ceramic Mug from server 23373.
Retrieved Pg handicrafts Beaded two drawers sofa set showpiece Showpiece  -  10.5 cm from server 7336.
Retrieved Leebonee Geometric Print V-neck Casual Men's Sweater from server 69197.
Retrieved AKUP happy-new-year-love- Ceramic Mug from server 23373.
Retrieved AKUP happy-new-year-love- Ceramic Mug from server 23373.
Retrieved AKUP happy-new-year-love- Ceramic Mug from server 23373.
Retrieved Maxima 20020LMGI Attivo Analog Watch  - For Men from server 69197.
Stored King George V Men's Brief on server 49704.
Stored Vaishna Fashion Women's Full Coverage Bra on server 69887.
Retrieved Pg handicrafts Beaded two drawers sofa set showpiece Showpiece  -  10.5 cm from server 7336.
Retrieved Leebonee Geometric Print V-neck Casual Men's Sweater from server 69197.
Retrieved Pg handicrafts Beaded two drawers sofa set showpiece Showpiece  -  10.5 cm from server 7336.
Retrieved AKUP happy-new-year-love- Ceramic Mug from server 23373.
Retrieved Vaishna Fashion Women's Full Coverage Bra from server 69887.
Retrieved Pg handicrafts Beaded two drawers sofa set showpiece Showpiece  -  10.5 cm from server 7336.
Key e8c42ea6c7944c0d77beca6db7ac8623 not present.
Retrieved AKUP happy-new-year-love- Ceramic Mug from server 23373.
Retrieved King George V Men's Brief from server 49704.
Retrieved Maxima 20020LMGI Attivo Analog Watch  - For Men from server 69197.
Retrieved Maxima 20020LMGI Attivo Analog Watch  - For Men from server 69197.
Retrieved Leebonee Geometric Print V-neck Casual Men's Sweater from server 69197.
Retrieved Maxima 20020LMGI Attivo Analog Watch  - For Men from server 69197.
Retrieved King George V Men's Brief from server 49704.
Retrieved Leebonee Geometric Print V-neck Casual Men's Sweater from server 69197.
Retrieved Vaishna Fashion Women's Full Coverage Bra from server 69887.
Retrieved Pg handicrafts Beaded two drawers sofa set showpiece Showpiece  -  10.5 cm from server 73605.
Retrieved Leebonee Geometric Print V-neck Casual Men's Sweater from server 69197.
Retrieved King George V Men's Brief from server 49704.
Retrieved Leebonee Geometric Print V-neck Casual Men's Sweater from server 69197.
Retrieved AKUP happy-new-year-love- Ceramic Mug from server 23373.
Retrieved AKUP happy-new-year-love- Ceramic Mug from server 23373.
Retrieved Maxima 20020LMGI Attivo Analog Watch  - For Men from server 69197.
Retrieved Vaishna Fashion Women's Full Coverage Bra from server 69887.
Retrieved Vaishna Fashion Women's Full Coverage Bra from server 69887.
Retrieved King George V Men's Brief from server 49704.
Retrieved Leebonee Geometric Print V-neck Casual Men's Sweater from server 69197.
Retrieved Maxima 20020LMGI Attivo Analog Watch  - For Men from server 40293.
Retrieved King George V Men's Brief from server 49704.
Retrieved Leebonee Geometric Print V-neck Casual Men's Sweater from server 69197.
Retrieved AKUP happy-new-year-love- Ceramic Mug from server 23373.
Retrieved Maxima 20020LMGI Attivo Analog Watch  - For Men from server 40293.
Retrieved AKUP happy-new-year-love- Ceramic Mug from server 23373.
Retrieved AKUP happy-new-year-love- Ceramic Mug from server 23373.
Retrieved Leebonee Geometric Print V-neck Casual Men's Sweater from server 69197.
Retrieved AKUP happy-new-year-love- Ceramic Mug from server 23373.
Retrieved AKUP happy-new-year-love- Ceramic Mug from server 23373.
Retrieved King George V Men's Brief from server 49704.
Retrieved Vaishna Fashion Women's Full Coverage Bra from server 69887.
Retrieved Leebonee Geometric Print V-neck Casual Men's Sweater from server 69197.
Retrieved King George V Men's Brief from server 49704.
Retrieved King George V Men's Brief from server 49704.
Retrieved King George V Men's Brief from server 49704.
Retrieved Maxima 20020LMGI Attivo Analog Watch  - For Men from server 40293.
Retrieved King George V Men's Brief from server 49704.
Retrieved King George V Men's Brief from server 49704.
Retrieved King George V Men's Brief from server 49704.
Retrieved Maxima 20020LMGI Attivo Analog Watch  - For Men from server 40293.
Retrieved AKUP happy-new-year-love- Ceramic Mug from server 23373.
Retrieved Maxima 20020LMGI Attivo Analog Watch  - For Men from server 40293.
Retrieved Pg handicrafts Beaded two drawers sofa set showpiece Showpiece  -  10.5 cm from server 53914.
Retrieved Pg handicrafts Beaded two drawers sofa set showpiece Showpiece  -  10.5 cm from server 53914.
Retrieved AKUP happy-new-year-love- Ceramic Mug from server 23373.
Retrieved King George V Men's Brief from server 49704.
Retrieved Pg handicrafts Beaded two drawers sofa set showpiece Showpiece  -  10.5 cm from server 53914.
