Stored Reebok Men's Ankle Length Socks on server 40857.
Retrieved Reebok Men's Ankle Length Socks from server 40857.
Retrieved Reebok Men's Ankle Length Socks from server 40857.
Retrieved Reebok Men's Ankle Length Socks from server 40857.
Retrieved Reebok Men's Ankle Length Socks from server 40857.
Retrieved Reebok Men's Ankle Length Socks from server 40857.
Retrieved Reebok Men's Ankle Length Socks from server 40857.
Retrieved Reebok Men's Ankle Length Socks from server 40857.
Retrieved Reebok Men's Ankle Length Socks from server 40857.
Retrieved Reebok Men's Ankle Length Socks from server 40857.
Retrieved Reebok Men's Ankle Length Socks from server 40857.
Retrieved Reebok Men's Ankle Length Socks from server 40857.
Retrieved Reebok Men's Ankle Length Socks from server 40857.
Retrieved Reebok Men's Ankle Length Socks from server 40857.
Retrieved Reebok Men's Ankle Length Socks from server 40857.
Retrieved Reebok Men's Ankle Length Socks from server 40857.
Retrieved Reebok Men's Ankle Length Socks from server 40857.
Retrieved Reebok Men's Ankle Length Socks from server 40857.
Retrieved Reebok Men's Ankle Length Socks from server 40857.
Retrieved Reebok Men's Ankle Length Socks from server 40857.
Retrieved Reebok Men's Ankle Length Socks from server 40857.
Retrieved Reebok Men's Ankle Length Socks from server 40857.
Retrieved Reebok Men's Ankle Length Socks from server 40857.
Retrieved Reebok Men's Ankle Length Socks from server 40857.
Retrieved Reebok Men's Ankle Length Socks from server 40857.
Retrieved Reebok Men's Ankle Length Socks from server 40857.
Retrieved Reebok Men's Ankle Length Socks from server 40857.
Stored Kiosha Women's A-line Dress on server 16744.
Retrieved Reebok Men's Ankle Length Socks from server 40857.
Retrieved Kiosha Women's A-line Dress from server 16744.
Retrieved Kiosha Women's A-line Dress from server 16744.
Retrieved Kiosha Women's A-line Dress from server 16744.
Retrieved Reebok Men's Ankle Length Socks from server 40857.
Retrieved Reebok Men's Ankle Length Socks from server 40857.
Retrieved Reebok Men's Ankle Length Socks from server 40857.
Stored DailyObjects Back Cover for Apple iPad 2, 3, 4 on server 34407.
Stored KAROZ Full Sleeve Solid Women's Sweatshirt on server 5331.
Retrieved Reebok Men's Ankle Length Socks from server 40857.
Stored Orico Aluminium 4 Port USB 3.0 M3H4-SV USB USB Hub on server 1178.
Retrieved KAROZ Full Sleeve Solid Women's Sweatshirt from server 5331.
Retrieved Kiosha Women's A-line Dress from server 16744.
Key 15a0364d0efc54d4e272a49f85b149fc not present.
Retrieved Orico Aluminium 4 Port USB 3.0 M3H4-SV USB USB Hub from server 1178.
Retrieved Kiosha Women's A-line Dress from server 16744.
Stored DailyObjects Back Cover for Apple iPad 2/3/4 on server 1178.
Stored Capdase Car Headrest Mount on server 59752.
Retrieved Reebok Men's Ankle Length Socks from server 40857.
Retrieved Capdase Car Headrest Mount from server 59752.
Retrieved Reebok Men's Ankle Length Socks from server 40857.
Retrieved DailyObjects Back Cover for Apple iPad 2, 3, 4 from server 34407.
Retrieved DailyObjects Back Cover for Apple iPad 2, 3, 4 from server 34407.
Retrieved Kiosha Women's A-line Dress from server 16744.
Retrieved DailyObjects Back Cover for Apple iPad 2/3/4 from server 32483.
Retrieved Reebok Men's Ankle Length Socks from server 40857.
Retrieved Kiosha Women's A-line Dress from server 16744.
Retrieved Reebok Men's Ankle Length Socks from server 40857.
Retrieved KAROZ Full Sleeve Solid Women's Sweatshirt from server 59752.
Retrieved Reebok Men's Ankle Length Socks from server 40857.
Retrieved Orico Aluminium 4 Port USB 3.0 M3H4-SV USB USB Hub from server 32483.
Retrieved Capdase Car Headrest Mount from server 59752.
Retrieved Orico Aluminium 4 Port USB 3.0 M3H4-SV USB USB Hub from server 32483.
Retrieved DailyObjects Back Cover for Apple iPad 2/3/4 from server 32483.
Retrieved KAROZ Full Sleeve Solid Women's Sweatshirt from server 59752.
Retrieved DailyObjects Back Cover for Apple iPad 2/3/4 from server 32483.
Retrieved DailyObjects Back Cover for Apple iPad 2/3/4 from server 32483.
Retrieved DailyObjects Back Cover for Apple iPad 2, 3, 4 from server 34407.
Retrieved DailyObjects Back Cover for Apple iPad 2/3/4 from server 32483.
Retrieved KAROZ Full Sleeve Solid Women's Sweatshirt from server 59752.
Retrieved DailyObjects Back Cover for Apple iPad 2/3/4 from server 32483.
Retrieved DailyObjects Back Cover for Apple iPad 2/3/4 from server 32483.
Retrieved Kiosha Women's A-line Dress from server 16744.
Retrieved DailyObjects Back Cover for Apple iPad 2/3/4 from server 32483.
Retrieved Orico Aluminium 4 Port USB 3.0 M3H4-SV USB USB Hub from server 32483.
Retrieved Capdase Car Headrest Mount from server 59752.
Retrieved KAROZ Full Sleeve Solid Women's Sweatshirt from server 59752.
Retrieved DailyObjects Back Cover for Apple iPad 2/3/4 from server 32483.
Stored Osho Fashion Concepts Printed Men's Round Neck T-Shirt on server 3164.
Retrieved KAROZ Full Sleeve Solid Women's Sweatshirt from server 59752.
Retrieved Orico Aluminium 4 Port USB 3.0 M3H4-SV USB USB Hub from server 32483.
Retrieved Kiosha Women's A-line Dress from server 16744.
Retrieved KAROZ Full Sleeve Solid Women's Sweatshirt from server 59752.
Retrieved Reebok Men's Ankle Length Socks from server 40857.
Retrieved KAROZ Full Sleeve Solid Women's Sweatshirt from server 59752.
Retrieved Capdase Car Headrest Mount from server 59752.
Retrieved Capdase Car Headrest Mount from server 59752.
Retrieved Orico Aluminium 4 Port USB 3.0 M3H4-SV USB USB Hub from server 87086.
Retrieved Orico Aluminium 4 Port USB 3.0 M3H4-SV USB USB Hub from server 87086.
Retrieved Osho Fashion Concepts Printed Men's Round Neck T-Shirt from server 3164.
Retrieved Orico Aluminium 4 Port USB 3.0 M3H4-SV USB USB Hub from server 87086.
Stored Zero Gravity Pack Combo Set on server 9371.
Retrieved DailyObjects Back Cover for Apple iPad 2, 3, 4 from server 34407.
Retrieved Zero Gravity Pack Combo Set from server 9371.
Retrieved Zero Gravity Pack Combo Set from server 9371.
Retrieved DailyObjects Back Cover for Apple iPad 2/3/4 from server 87086.
Retrieved Zero Gravity Pack Combo Set from server 9371.
Retrieved KAROZ Full Sleeve Solid Women's Sweatshirt from server 59752.
Retrieved Zero Gravity Pack Combo Set from server 9371.
Retrieved Capdase Car Headrest Mount from server 59752.
Retrieved Capdase Car Headrest Mount from server 59752.
Retrieved DailyObjects Back Cover for Apple iPad 2/3/4 from server 87086.
Retrieved Osho Fashion Concepts Printed Men's Round Neck T-Shirt from server 3164.
Retrieved Capdase Car Headrest Mount from server 59752.
Retrieved DailyObjects Back Cover for Apple iPad 2, 3, 4 from server 34407.
Stored Ir Acc Casual Roll-up Sleeve Self Design Women's Top on server 59752.
Stored Ovl Graphic Print Men's Round Neck T-Shirt on server 13663.
Retrieved DailyObjects Back Cover for Apple iPad 2, 3, 4 from server 34407.
Stored Gift Island AST906 Analog Watch  - For Women on server 51142.
Retrieved Reebok Men's Ankle Length Socks from server 40857.
Retrieved Orico Aluminium 4 Port USB 3.0 M3H4-SV USB USB Hub from server 87086.
Stored Vatsalya Creation Alloy Jewel Set on server 9371.
Retrieved KAROZ Full Sleeve Solid Women's Sweatshirt from server 59752.
Retrieved Zero Gravity Pack Combo Set from server 92924.
Retrieved Reebok Men's Ankle Length Socks from server 40857.
Retrieved Capdase Car Headrest Mount from server 59752.
Retrieved Ir Acc Casual Roll-up Sleeve Self Design Women's Top from server 59752.
Stored TheLostPuppy Back Cover for Apple iPad Air on server 9014.
Retrieved TheLostPuppy Back Cover for Apple iPad Air from server 9014.
Stored Alvaro Polka Print Tie on server 57892.
Retrieved Ovl Graphic Print Men's Round Neck T-Shirt from server 13663.
Stored DressBerry Enamel Plated Metal Necklace on server 59752.
Retrieved Osho Fashion Concepts Printed Men's Round Neck T-Shirt from server 3164.
Retrieved Kiosha Women's A-line Dress from server 16744.
Retrieved Osho Fashion Concepts Printed Men's Round Neck T-Shirt from server 3164.
Retrieved Zero Gravity Pack Combo Set from server 92924.
Retrieved Osho Fashion Concepts Printed Men's Round Neck T-Shirt from server 3164.
Retrieved Orico Aluminium 4 Port USB 3.0 M3H4-SV USB USB Hub from server 87086.
Retrieved Capdase Car Headrest Mount from server 3003.
Retrieved TheLostPuppy Back Cover for Apple iPad Air from server 9014.
Retrieved DressBerry Enamel Plated Metal Necklace from server 59752.
Retrieved Alvaro Polka Print Tie from server 57892.
Retrieved DailyObjects Back Cover for Apple iPad 2/3/4 from server 87086.
Retrieved Zero Gravity Pack Combo Set from server 92924.
Retrieved Zero Gravity Pack Combo Set from server 92924.
Retrieved DressBerry Enamel Plated Metal Necklace from server 59752.
Retrieved DailyObjects Back Cover for Apple iPad 2, 3, 4 from server 55361.
Stored Aureno Boots on server 57892.
Retrieved Ir Acc Casual Roll-up Sleeve Self Design Women's Top from server 42202.
Retrieved Zero Gravity Pack Combo Set from server 92924.
Retrieved Orico Aluminium 4 Port USB 3.0 M3H4-SV USB USB Hub from server 87086.
Stored Newdort Usb Charger Full Charging Pad on server 87086.
Retrieved Ir Acc Casual Roll-up Sleeve Self Design Women's Top from server 42202.
Retrieved Reebok Men's Ankle Length Socks from server 40857.
Retrieved Ir Acc Casual Roll-up Sleeve Self Design Women's Top from server 42202.
Retrieved Osho Fashion Concepts Printed Men's Round Neck T-Shirt from server 3164.
Retrieved Aureno Boots from server 57892.
Retrieved DressBerry Enamel Plated Metal Necklace from server 59752.
Retrieved Zero Gravity Pack Combo Set from server 92924.
Stored Lovelady BRALL001001 Women's Minimizer Bra on server 9371.
Stored Kipsta Tarmak T7 Basketball -   Size: 7 on server 40857.
Stored JSR Paris Beauty Pro Women's Full Coverage Bra on server 82482.
Stored Allure Auto CM 1656 Car Mat Mitsubishi Lancer on server 9371.
Retrieved TheLostPuppy Back Cover for Apple iPad Air from server 9014.
Retrieved Ir Acc Casual Roll-up Sleeve Self Design Women's Top from server 42202.
Retrieved Lovelady BRALL001001 Women's Minimizer Bra from server 9371.
Retrieved JSR Paris Beauty Pro Women's Full Coverage Bra from server 82482.
Retrieved Allure Auto CM 1656 Car Mat Mitsubishi Lancer from server 9371.
Retrieved Aureno Boots from server 57892.
Retrieved JSR Paris Beauty Pro Women's Full Coverage Bra from server 82482.
Retrieved Kiosha Women's A-line Dress from server 16744.
Retrieved Alvaro Polka Print Tie from server 57892.
Stored Allure Auto CM 1636 Car Mat Maruti Ciaz on server 55361.
Retrieved DailyObjects Back Cover for Apple iPad 2/3/4 from server 42153.
Retrieved Allure Auto CM 1636 Car Mat Maruti Ciaz from server 55361.
Stored My Look KBSB-05-Beige-41 Bellies on server 30444.
Retrieved DailyObjects Back Cover for Apple iPad 2, 3, 4 from server 87784.
Retrieved Kipsta Tarmak T7 Basketball -   Size: 7 from server 40857.
Retrieved Ir Acc Casual Roll-up Sleeve Self Design Women's Top from server 42202.
Retrieved Ir Acc Casual Roll-up Sleeve Self Design Women's Top from server 42202.
Retrieved My Look KBSB-05-Beige-41 Bellies from server 30444.
Retrieved Zero Gravity Pack Combo Set from server 92924.
Retrieved Gift Island AST906 Analog Watch  - For Women from server 91344.
Retrieved KAROZ Full Sleeve Solid Women's Sweatshirt from server 42202.
Retrieved DailyObjects Back Cover for Apple iPad 2/3/4 from server 42153.
Stored Scorpion Solid Men's Polo Neck T-Shirt on server 9371.
Retrieved Kipsta Tarmak T7 Basketball -   Size: 7 from server 40857.
Stored Candy House Solid Men's Polo Neck T-Shirt on server 9371.
Retrieved Orico Aluminium 4 Port USB 3.0 M3H4-SV USB USB Hub from server 42153.
Retrieved Vatsalya Creation Alloy Jewel Set from server 9371.
Retrieved DailyObjects Back Cover for Apple iPad 2, 3, 4 from server 87784.
Retrieved Vatsalya Creation Alloy Jewel Set from server 9371.
Retrieved Zero Gravity Pack Combo Set from server 92924.
Retrieved Ovl Graphic Print Men's Round Neck T-Shirt from server 13663.
Retrieved JSR Paris Beauty Pro Women's Full Coverage Bra from server 82482.
Retrieved Candy House Solid Men's Polo Neck T-Shirt from server 9371.
Retrieved DailyObjects Back Cover for Apple iPad 2/3/4 from server 42153.
Retrieved TheLostPuppy Back Cover for Apple iPad Air from server 9014.
Retrieved Allure Auto CM 1656 Car Mat Mitsubishi Lancer from server 76426.
Retrieved Allure Auto CM 1636 Car Mat Maruti Ciaz from server 87784.
Retrieved Newdort Usb Charger Full Charging Pad from server 42153.
Stored PTC Mart Unimass Cartoon Art Plastic Pencil Box on server 40857.
Retrieved KAROZ Full Sleeve Solid Women's Sweatshirt from server 42202.
Stored Kashana Women's A-line Dress on server 13663.
Retrieved Reebok Men's Ankle Length Socks from server 40857.
Stored Yuccabe Italia Stoic White Self Watering Plant Container Set on server 31983.
Retrieved Kipsta Tarmak T7 Basketball -   Size: 7 from server 40857.
Stored Pyramid Cocopeat Plant Container Set on server 76426.
Retrieved DailyObjects Back Cover for Apple iPad 2/3/4 from server 42153.
Retrieved TheLostPuppy Back Cover for Apple iPad Air from server 9014.
Stored Silkworm Printed Single Dohar Multicolor on server 3164.
Stored Femninora Women's Jeggings on server 51142.
Retrieved Allure Auto CM 1636 Car Mat Maruti Ciaz from server 87784.
Retrieved Alvaro Polka Print Tie from server 87086.
Retrieved Scorpion Solid Men's Polo Neck T-Shirt from server 9371.
Retrieved Lovelady BRALL001001 Women's Minimizer Bra from server 9371.
Retrieved Allure Auto CM 1656 Car Mat Mitsubishi Lancer from server 76426.
Retrieved TheLostPuppy Back Cover for Apple iPad Air from server 9014.
Retrieved Scorpion Solid Men's Polo Neck T-Shirt from server 9371.
Retrieved My Look KBSB-05-Beige-41 Bellies from server 30444.
Retrieved Candy House Solid Men's Polo Neck T-Shirt from server 9371.
Retrieved Ir Acc Casual Roll-up Sleeve Self Design Women's Top from server 42202.
Retrieved Kipsta Tarmak T7 Basketball -   Size: 7 from server 40857.
Retrieved JSR Paris Beauty Pro Women's Full Coverage Bra from server 82482.
Retrieved Newdort Usb Charger Full Charging Pad from server 42153.
Retrieved Ir Acc Casual Roll-up Sleeve Self Design Women's Top from server 42202.
Stored New Pearl Women's Full Coverage Bra on server 1186.
Stored Kiosha Women's Solid Casual Shirt on server 92924.
Retrieved Osho Fashion Concepts Printed Men's Round Neck T-Shirt from server 3164.
Retrieved Kiosha Women's A-line Dress from server 16744.
Retrieved Newdort Usb Charger Full Charging Pad from server 42153.
Retrieved New Pearl Women's Full Coverage Bra from server 1186.
Stored Zeroradius White and Black Strapless Women's Tube Bra on server 16744.
Stored Lapguard Hp Pavilion zt3140US_90 90 Adapter on server 87086.
Retrieved Zero Gravity Pack Combo Set from server 92924.
Retrieved Zeroradius White and Black Strapless Women's Tube Bra from server 16744.
Retrieved Candy House Solid Men's Polo Neck T-Shirt from server 9371.
Retrieved Ir Acc Casual Roll-up Sleeve Self Design Women's Top from server 42202.
Retrieved Gift Island AST906 Analog Watch  - For Women from server 91344.
Retrieved DailyObjects Back Cover for Apple iPad 2/3/4 from server 42153.
Retrieved Candy House Solid Men's Polo Neck T-Shirt from server 9371.
Retrieved DailyObjects Back Cover for Apple iPad 2, 3, 4 from server 87784.
Retrieved Zero Gravity Pack Combo Set from server 92924.
Retrieved JSR Paris Beauty Pro Women's Full Coverage Bra from server 82482.
Retrieved KAROZ Full Sleeve Solid Women's Sweatshirt from server 65737.
Retrieved DailyObjects Back Cover for Apple iPad 2/3/4 from server 42153.
Retrieved Osho Fashion Concepts Printed Men's Round Neck T-Shirt from server 3164.
Stored Asavari world Awp222tfp Storage Basket on server 9371.
Retrieved DailyObjects Back Cover for Apple iPad 2, 3, 4 from server 87784.
Retrieved Orico Aluminium 4 Port USB 3.0 M3H4-SV USB USB Hub from server 42153.
Retrieved Vatsalya Creation Alloy Jewel Set from server 9371.
Stored Fastrack 3062PP19 Tees Analog Watch  - For Men, Women on server 92670.
Retrieved Reebok Men's Ankle Length Socks from server 40857.
Retrieved Pyramid Cocopeat Plant Container Set from server 76426.
Retrieved Vatsalya Creation Alloy Jewel Set from server 9371.
Retrieved Alvaro Polka Print Tie from server 87086.
Retrieved KAROZ Full Sleeve Solid Women's Sweatshirt from server 65737.
Retrieved Allure Auto CM 1636 Car Mat Maruti Ciaz from server 87784.
Retrieved JSR Paris Beauty Pro Women's Full Coverage Bra from server 82482.
Retrieved Alvaro Polka Print Tie from server 87086.
Retrieved Newdort Usb Charger Full Charging Pad from server 42153.
Retrieved Allure Auto CM 1656 Car Mat Mitsubishi Lancer from server 76426.
Stored Ebry Men's Checkered Casual Shirt on server 34407.
Retrieved Allure Auto CM 1656 Car Mat Mitsubishi Lancer from server 76426.
Retrieved Reebok Men's Ankle Length Socks from server 40857.
Retrieved Newdort Usb Charger Full Charging Pad from server 42153.
Stored Viva Fashions Alloy Cubic Zirconia Rhodium Bangle Set on server 16744.
Stored Saviour HPSAVTHB Saviour Tough Hat –Blue Construction Helmet on server 5331.
Retrieved Ovl Graphic Print Men's Round Neck T-Shirt from server 13663.
Retrieved Reebok Men's Ankle Length Socks from server 40857.
Retrieved PTC Mart Unimass Cartoon Art Plastic Pencil Box from server 40857.
Retrieved Saviour HPSAVTHB Saviour Tough Hat –Blue Construction Helmet from server 5331.
Retrieved DailyObjects Back Cover for Apple iPad 2/3/4 from server 42153.
Retrieved My Look KBSB-05-Beige-41 Bellies from server 30444.
Retrieved Aureno Boots from server 99399.
Retrieved Osho Fashion Concepts Printed Men's Round Neck T-Shirt from server 3164.
Retrieved Allure Auto CM 1636 Car Mat Maruti Ciaz from server 87784.
Retrieved Silkworm Printed Single Dohar Multicolor from server 3164.
Retrieved New Pearl Women's Full Coverage Bra from server 1186.
Retrieved PTC Mart Unimass Cartoon Art Plastic Pencil Box from server 40857.
Retrieved Pyramid Cocopeat Plant Container Set from server 76426.
Retrieved Allure Auto CM 1636 Car Mat Maruti Ciaz from server 87784.
Retrieved Silkworm Printed Single Dohar Multicolor from server 3164.
Retrieved Zero Gravity Pack Combo Set from server 92924.
Retrieved Kipsta Tarmak T7 Basketball -   Size: 7 from server 40857.
Retrieved Allure Auto CM 1656 Car Mat Mitsubishi Lancer from server 76426.
Stored Nitlon Solid Men's Henley, Round Neck T-Shirt on server 65737.
Retrieved DailyObjects Back Cover for Apple iPad 2, 3, 4 from server 87784.
Retrieved PTC Mart Unimass Cartoon Art Plastic Pencil Box from server 40857.
Retrieved Ebry Men's Checkered Casual Shirt from server 34407.
Retrieved Fastrack 3062PP19 Tees Analog Watch  - For Men, Women from server 92670.
Retrieved DailyObjects Back Cover for Apple iPad 2, 3, 4 from server 87784.
Retrieved Kiosha Women's Solid Casual Shirt from server 92924.
Stored Magnum Footwear Lifestyle Boots on server 7972.
Stored PRINT SHAPES Red razer logo Laptop Skin with Mouse pad Combo Set on server 65737.
Retrieved Saviour HPSAVTHB Saviour Tough Hat –Blue Construction Helmet from server 5331.
Retrieved Scorpion Solid Men's Polo Neck T-Shirt from server 9371.
Retrieved Ebry Men's Checkered Casual Shirt from server 34407.
Retrieved PRINT SHAPES Red razer logo Laptop Skin with Mouse pad Combo Set from server 65737.
Retrieved Ir Acc Casual Roll-up Sleeve Self Design Women's Top from server 65737.
Retrieved Lovelady BRALL001001 Women's Minimizer Bra from server 9371.
Retrieved Kashana Women's A-line Dress from server 13663.
Retrieved KAROZ Full Sleeve Solid Women's Sweatshirt from server 65737.
Retrieved New Pearl Women's Full Coverage Bra from server 1186.
Retrieved Yuccabe Italia Stoic White Self Watering Plant Container Set from server 65737.
Retrieved Fastrack 3062PP19 Tees Analog Watch  - For Men, Women from server 92670.
Retrieved Allure Auto CM 1656 Car Mat Mitsubishi Lancer from server 76426.
Retrieved Allure Auto CM 1656 Car Mat Mitsubishi Lancer from server 76426.
Retrieved Allure Auto CM 1656 Car Mat Mitsubishi Lancer from server 76426.
Stored Anuradha Art Silver Polished Brooch on server 83845.
Retrieved Ebry Men's Checkered Casual Shirt from server 34407.
Retrieved TheLostPuppy Back Cover for Apple iPad Air from server 9014.
Retrieved PTC Mart Unimass Cartoon Art Plastic Pencil Box from server 3164.
Retrieved PTC Mart Unimass Cartoon Art Plastic Pencil Box from server 3164.
Retrieved KAROZ Full Sleeve Solid Women's Sweatshirt from server 65737.
Retrieved New Pearl Women's Full Coverage Bra from server 1186.
Retrieved Vatsalya Creation Alloy Jewel Set from server 9371.
Retrieved My Look KBSB-05-Beige-41 Bellies from server 30444.
Retrieved Silkworm Printed Single Dohar Multicolor from server 3164.
Retrieved Pyramid Cocopeat Plant Container Set from server 76426.
Retrieved Ovl Graphic Print Men's Round Neck T-Shirt from server 13663.
Retrieved New Pearl Women's Full Coverage Bra from server 1186.
Stored Lodge Lodge Deep L8dskg3 Skillet With Glass Lid, Black, 3-Quart Kadhai on server 49430.
Retrieved Alvaro Polka Print Tie from server 87086.
Retrieved Nitlon Solid Men's Henley, Round Neck T-Shirt from server 65737.
Retrieved Alvaro Polka Print Tie from server 87086.
Retrieved Ebry Men's Checkered Casual Shirt from server 73389.
Retrieved DailyObjects Back Cover for Apple iPad 2/3/4 from server 42153.
Retrieved Orico Aluminium 4 Port USB 3.0 M3H4-SV USB USB Hub from server 11926.
Retrieved JSR Paris Beauty Pro Women's Full Coverage Bra from server 82482.
Retrieved Newdort Usb Charger Full Charging Pad from server 11926.
Retrieved Lodge Lodge Deep L8dskg3 Skillet With Glass Lid, Black, 3-Quart Kadhai from server 49430.
Retrieved Silkworm Printed Single Dohar Multicolor from server 3164.
Retrieved DailyObjects Back Cover for Apple iPad 2, 3, 4 from server 87784.
Retrieved JSR Paris Beauty Pro Women's Full Coverage Bra from server 82482.
Retrieved Osho Fashion Concepts Printed Men's Round Neck T-Shirt from server 3164.
Stored Car vastra 1pcs Car Vastra Honda Beige Backrest Massager on server 76426.
Retrieved Nitlon Solid Men's Henley, Round Neck T-Shirt from server 65737.
Retrieved JSR Paris Beauty Pro Women's Full Coverage Bra from server 82482.
Retrieved Candy House Solid Men's Polo Neck T-Shirt from server 9371.
Retrieved PRINT SHAPES Red razer logo Laptop Skin with Mouse pad Combo Set from server 66033.
Retrieved Zero Gravity Pack Combo Set from server 92924.
Stored Frabjous Alloy Necklace on server 9014.
Retrieved New Pearl Women's Full Coverage Bra from server 1186.
Retrieved Ovl Graphic Print Men's Round Neck T-Shirt from server 13663.
Retrieved Kipsta Tarmak T7 Basketball -   Size: 7 from server 87784.
Retrieved Aureno Boots from server 99399.
Retrieved Nitlon Solid Men's Henley, Round Neck T-Shirt from server 65737.
Retrieved Silkworm Printed Single Dohar Multicolor from server 3164.
Retrieved My Look KBSB-05-Beige-41 Bellies from server 30444.
Retrieved Ovl Graphic Print Men's Round Neck T-Shirt from server 13663.
Retrieved DailyObjects Back Cover for Apple iPad 2, 3, 4 from server 87784.
Retrieved Lovelady BRALL001001 Women's Minimizer Bra from server 9371.
Retrieved My Look KBSB-05-Beige-41 Bellies from server 30444.
Retrieved Gift Island AST906 Analog Watch  - For Women from server 91344.
Stored NEXASHOP Solid Women's Boxer on server 49430.
Retrieved Viva Fashions Alloy Cubic Zirconia Rhodium Bangle Set from server 16744.
Retrieved Ovl Graphic Print Men's Round Neck T-Shirt from server 13663.
Retrieved Car vastra 1pcs Car Vastra Honda Beige Backrest Massager from server 76426.
Retrieved Nitlon Solid Men's Henley, Round Neck T-Shirt from server 65737.
Retrieved Fastrack 3062PP19 Tees Analog Watch  - For Men, Women from server 92670.
Retrieved Fastrack 3062PP19 Tees Analog Watch  - For Men, Women from server 92670.
Stored Unravel india Jodhpuri Peacock Multicolored Wine Bottle Holder Showpiece  -  33.02 cm on server 65737.
Stored X Gold India Brass Bangle on server 30444.
