Stored florence9 baby cap red checks Cap on server 34355.
Retrieved florence9 baby cap red checks Cap from server 34355.
Stored Hi Look Natural Semi Precious Stone Agate Alloy Necklace on server 34355.
Retrieved Hi Look Natural Semi Precious Stone Agate Alloy Necklace from server 34355.
Stored Allure Auto CM 2082 Car Mat Mitsubishi Lancer on server 34355.
Stored HugMe.fashion Full Sleeve Solid Men's Jacket on server 34355.
Retrieved florence9 baby cap red checks Cap from server 34355.
