Stored Hoko Book Cover for Nexus 7 K009 on server 75193.
Stored Easy Gardening 8 Inch Plant Container Set on server 35512.
Retrieved Easy Gardening 8 Inch Plant Container Set from server 35512.
Retrieved Easy Gardening 8 Inch Plant Container Set from server 35512.
Stored Park Avenue After 8 EDP , Voyage Deodorant Combo Set on server 35512.
Stored Sparx Stylish Black Red on server 35376.
Stored Hi Look Natural Semi Precious Stone Agate Alloy Necklace on server 48483.
Stored Grafion Comfortable Women's Full Coverage Bra on server 29551.
Retrieved Sparx Stylish Black Red from server 35376.
Retrieved Easy Gardening 8 Inch Plant Container Set from server 35512.
Retrieved Hi Look Natural Semi Precious Stone Agate Alloy Necklace from server 48483.
Retrieved Hoko Book Cover for Nexus 7 K009 from server 75193.
Stored TheLostPuppy Back Cover for Apple iPad Air 2 on server 29551.
Retrieved Hi Look Natural Semi Precious Stone Agate Alloy Necklace from server 48483.
Retrieved Grafion Comfortable Women's Full Coverage Bra from server 29551.
Stored FAX Slippers on server 75193.
Retrieved TheLostPuppy Back Cover for Apple iPad Air 2 from server 29551.
Retrieved Grafion Comfortable Women's Full Coverage Bra from server 29551.
Retrieved Hi Look Natural Semi Precious Stone Agate Alloy Necklace from server 48483.
Stored PuppetNx Slim Fit Boy's Jeans on server 35512.
Retrieved Park Avenue After 8 EDP , Voyage Deodorant Combo Set from server 35512.
Stored IShoes Kello Loafers on server 35512.
Stored Little Star Solid Boy's Basic Shorts on server 29551.
Stored Faireno Women's Printed Casual Shirt on server 35512.
Stored IndianShelf Knobs Ceramic Cabinet/Draw Knob on server 48483.
Retrieved Faireno Women's Printed Casual Shirt from server 35512.
Stored Allure Auto CM 1766 Car Mat Mahindra Thar on server 48483.
Retrieved FAX Slippers from server 29592.
Stored Just In Time Fashions Women's A-line Dress on server 35512.
Stored crompton CG aristo Steam Iron on server 35512.
Stored Allure Auto CM 310 Car Mat Ford New Fiesta on server 35512.
Stored Do Bhai Canvas Shoes on server 29592.
Stored Theskinmantra Sleeve for All versions of Apple ipad on server 29551.
Retrieved Just In Time Fashions Women's A-line Dress from server 35512.
Retrieved Hi Look Natural Semi Precious Stone Agate Alloy Necklace from server 48483.
Retrieved Just In Time Fashions Women's A-line Dress from server 35512.
Retrieved Hi Look Natural Semi Precious Stone Agate Alloy Necklace from server 48483.
Retrieved Allure Auto CM 1766 Car Mat Mahindra Thar from server 48483.
Retrieved Hoko Book Cover for Nexus 7 K009 from server 75193.
Stored Starmark Educational Building Blocks on server 35512.
Retrieved crompton CG aristo Steam Iron from server 35512.
Retrieved Do Bhai Canvas Shoes from server 29592.
Stored Itsmuahlife by ItsMuahLife - Ever White Women's Full Coverage Bra on server 29551.
Stored SAARAH Girl's A-line Dress on server 29592.
Retrieved Starmark Educational Building Blocks from server 35512.
Retrieved Just In Time Fashions Women's A-line Dress from server 35512.
Retrieved Park Avenue After 8 EDP , Voyage Deodorant Combo Set from server 35512.
Stored WallDesign Small Vinyl Sticker on server 29592.
Retrieved PuppetNx Slim Fit Boy's Jeans from server 35512.
Retrieved Starmark Educational Building Blocks from server 35512.
Retrieved IndianShelf Knobs Ceramic Cabinet/Draw Knob from server 48483.
Stored Toygully Mint Assorted Hookah Flavor on server 48483.
Stored BlueStone The Glamour Fiesta Yellow Gold Diamond 18 K Ring on server 29592.
Stored Manjaree Girl's Maxi Dress on server 75193.
Retrieved crompton CG aristo Steam Iron from server 35512.
Stored FashBlush Forever New Glam Alloy Necklace on server 48483.
Stored Jonex Shoe Racer In-line Skates - Size 2 UK on server 29551.
Retrieved WallDesign Small Vinyl Sticker from server 29592.
Retrieved FashBlush Forever New Glam Alloy Necklace from server 48483.
Retrieved Sparx Stylish Black Red from server 29551.
Retrieved Allure Auto CM 1766 Car Mat Mahindra Thar from server 29592.
Retrieved Faireno Women's Printed Casual Shirt from server 35512.
Stored Diviniti DG Royal Ornamental Size 4 Allha religious wall hanging Showpiece  -  30.5 cm on server 29551.
Stored Goodyear GY10004 Bolt Cutter on server 60772.
Stored Estella Fashion Alloy, Acrylic Necklace on server 29551.
Stored AdroitZ Exclusive Barbie Doll Sunshade / curtain (set of 2) for Tata Safari Dicor Sun Shade For Tata Safari on server 60772.
Stored Lajo Women's Salwar and Dupatta Set on server 29592.
Stored Green Girgit Plant Container Set on server 17064.
Stored Glus Pompon Women's Push-up Bra on server 29551.
Retrieved Easy Gardening 8 Inch Plant Container Set from server 17064.
Retrieved crompton CG aristo Steam Iron from server 35512.
Retrieved BlueStone The Glamour Fiesta Yellow Gold Diamond 18 K Ring from server 29592.
Stored Colors Couture Casual Sleeveless Printed Women's Top on server 29592.
Stored Zephyr Boat Shoes on server 35512.
Stored Elaine Women's Leggings on server 29592.
Retrieved Theskinmantra Sleeve for All versions of Apple ipad from server 17064.
Retrieved Sparx Stylish Black Red from server 29551.
Retrieved Goodyear GY10004 Bolt Cutter from server 60772.
Stored TAB91 Casual Short Sleeve Printed Women's Top on server 17064.
Stored Sam Stefy Boots on server 75193.
Stored Flippd FDRBB1614 Fibre Analog Watch  - For Men on server 29551.
Stored Queen Steps Bellies on server 75193.
Stored Playboy London And Berlin Combo Set on server 75193.
Stored Fabpoppy Casual Sleeveless Printed Women's Multicolor Top on server 29551.
Retrieved Goodyear GY10004 Bolt Cutter from server 60772.
Stored Orange and Orchid Printed Men's Round Neck T-Shirt on server 29551.
Stored Frankline Plus Regular Fit Men's Trousers on server 29592.
Stored FTCBAZAR Boy's Kurta and Pyjama Set on server 29592.
Retrieved Hi Look Natural Semi Precious Stone Agate Alloy Necklace from server 29592.
Stored Marvel Cotton Bath Towel on server 35512.
Retrieved Hi Look Natural Semi Precious Stone Agate Alloy Necklace from server 29592.
Retrieved BlueStone The Glamour Fiesta Yellow Gold Diamond 18 K Ring from server 29592.
Stored U United WILD FLOWER 14 L Backpack on server 29551.
Retrieved Starmark Educational Building Blocks from server 17064.
Stored Allure Auto CM 1375 Car Mat Nissan Teana on server 29592.
Stored Voylla Pearl Yellow Gold Plated Alloy Necklace on server 29592.
Retrieved FashBlush Forever New Glam Alloy Necklace from server 29592.
Retrieved Manjaree Girl's Maxi Dress from server 75193.
Retrieved Toygully Mint Assorted Hookah Flavor from server 29592.
Retrieved Marvel Cotton Bath Towel from server 35512.
Retrieved Frankline Plus Regular Fit Men's Trousers from server 29592.
