Stored Pearl Paradise Briolette With "Ruby Red ". Swarovski Crystal Stone Dangle Earring on server 40423.
Stored Amardeep PP Collapsible Wardrobe on server 40423.
Stored Entease Women's Solid Casual Shirt on server 72853.
Stored Yardley English Rose and Lace Satin Combo Set on server 40423.
Retrieved Yardley English Rose and Lace Satin Combo Set from server 40423.
Retrieved Entease Women's Solid Casual Shirt from server 72853.
Stored Maggie Women's A-line Dress on server 58994.
Retrieved Entease Women's Solid Casual Shirt from server 87355.
Retrieved Amardeep PP Collapsible Wardrobe from server 40423.
Stored Leebonee Women's Leggings on server 87355.
Stored England Checkered Double Blanket Multi Color on server 40423.
Stored Vedika Jewellery Alloy Bangle Set on server 87355.
Retrieved Leebonee Women's Leggings from server 87355.
Retrieved Entease Women's Solid Casual Shirt from server 61772.
Stored VR Designers Metal, Bone Necklace on server 58994.
Retrieved Vedika Jewellery Alloy Bangle Set from server 87355.
Stored Rashmi 23 W CFL 3U Lamp B22 Cap Bulb on server 40423.
Stored Indian Charm Black Poth Beads Glass Necklace on server 40423.
Stored Ethnikali Party Woven Women's Kurti on server 61772.
Stored Northern Lights Striped Men's Round Neck T-Shirt on server 13139.
Retrieved Maggie Women's A-line Dress from server 13139.
Retrieved Leebonee Women's Leggings from server 61772.
Stored Kaxiaa Casual Sleeveless Printed Women's Top on server 61772.
Retrieved Leebonee Women's Leggings from server 61772.
Retrieved Northern Lights Striped Men's Round Neck T-Shirt from server 13139.
Retrieved Maggie Women's A-line Dress from server 13139.
Stored Retaaz Casual, Party, Festive Sleeveless Floral Print Women's Top on server 13139.
Retrieved Indian Charm Black Poth Beads Glass Necklace from server 40423.
Stored IskiUski Medieval Sterling Silver Diamond 22K Yellow Gold Ring on server 58994.
Stored Manthan Slippers on server 61772.
Stored DressBerry Acrylic, Glass Necklace on server 40423.
Stored Kipsta B500 S6 Basketball -   Size: 6,  Diameter: 25 cm on server 61772.
Stored Spe EW-73B  Lens Hood on server 94660.
Retrieved Pearl Paradise Briolette With "Ruby Red ". Swarovski Crystal Stone Dangle Earring from server 13139.
Retrieved Entease Women's Solid Casual Shirt from server 61772.
Retrieved Indian Charm Black Poth Beads Glass Necklace from server 40423.
Retrieved IskiUski Medieval Sterling Silver Diamond 22K Yellow Gold Ring from server 79671.
Stored Jack & Jones Printed Men's Round Neck T-Shirt on server 94660.
Retrieved IskiUski Medieval Sterling Silver Diamond 22K Yellow Gold Ring from server 79671.
Retrieved Leebonee Women's Leggings from server 61772.
Retrieved Entease Women's Solid Casual Shirt from server 61772.
