Stored Vetra E00TY19 Multifunction Car Tray For Maruti Suzuki Cup Holder Car Tray Table on server 26301.
Stored Aaliya Casual Sleeveless Solid Women's Top on server 6413.
Stored Marc N' Park Men's Solid Casual Shirt on server 26850.
Retrieved Marc N' Park Men's Solid Casual Shirt from server 26850.
Retrieved Marc N' Park Men's Solid Casual Shirt from server 26850.
Retrieved Marc N' Park Men's Solid Casual Shirt from server 26850.
Retrieved Marc N' Park Men's Solid Casual Shirt from server 26850.
Retrieved Marc N' Park Men's Solid Casual Shirt from server 26850.
Stored Skmei AD1057-Dark-Orange Sports Analog-Digital Watch  - For Men, Boys on server 50432.
Stored XEBAC XEBAC-ADAPTER-B725 Battery Charger on server 26301.
Retrieved Aaliya Casual Sleeveless Solid Women's Top from server 6413.
Retrieved Skmei AD1057-Dark-Orange Sports Analog-Digital Watch  - For Men, Boys from server 50432.
Retrieved Vetra E00TY19 Multifunction Car Tray For Maruti Suzuki Cup Holder Car Tray Table from server 26301.
Stored Oxyglow Fruit Massage Cream With Vitamin-E & Fruit Facial Kit on server 26301.
Retrieved Marc N' Park Men's Solid Casual Shirt from server 26850.
Retrieved Aaliya Casual Sleeveless Solid Women's Top from server 6413.
Stored Provogue Slim Fit Men's Jeans on server 70949.
Retrieved Vetra E00TY19 Multifunction Car Tray For Maruti Suzuki Cup Holder Car Tray Table from server 26301.
Retrieved Marc N' Park Men's Solid Casual Shirt from server 26850.
Retrieved Aaliya Casual Sleeveless Solid Women's Top from server 20489.
Stored Sapatos Plain Single Duvet Brown on server 30653.
Retrieved Sapatos Plain Single Duvet Brown from server 30653.
Stored Spangel Fashion Audi Style Alloy Mangalsutra on server 70949.
Retrieved Provogue Slim Fit Men's Jeans from server 70949.
Stored Love Bright Jewelry Sterling Silver Cubic Zirconia Rose Gold Ring on server 42053.
Retrieved Aaliya Casual Sleeveless Solid Women's Top from server 20489.
Retrieved Skmei AD1057-Dark-Orange Sports Analog-Digital Watch  - For Men, Boys from server 41469.
Retrieved Provogue Slim Fit Men's Jeans from server 70949.
Stored O And O Printed Men's Round Neck T-Shirt on server 41469.
Retrieved Sapatos Plain Single Duvet Brown from server 30653.
Stored Park Avenue Park Avenue Cool Blue, Good Morning Pack of 2 Deodorants Combo Set on server 42053.
Stored Baalaa Solid Women's Flared Kurta on server 41469.
Stored People Women's Checkered Casual Shirt on server 70949.
Retrieved Spangel Fashion Audi Style Alloy Mangalsutra from server 70949.
Retrieved Love Bright Jewelry Sterling Silver Cubic Zirconia Rose Gold Ring from server 42053.
Retrieved Skmei AD1057-Dark-Orange Sports Analog-Digital Watch  - For Men, Boys from server 41469.
Retrieved Oxyglow Fruit Massage Cream With Vitamin-E & Fruit Facial Kit from server 20489.
Retrieved Love Bright Jewelry Sterling Silver Cubic Zirconia Rose Gold Ring from server 42053.
Retrieved Sapatos Plain Single Duvet Brown from server 30653.
Retrieved People Women's Checkered Casual Shirt from server 70949.
Retrieved Sapatos Plain Single Duvet Brown from server 30653.
Retrieved Spangel Fashion Audi Style Alloy Mangalsutra from server 70949.
Stored Sapatos Geometric Single Duvet Purple & Pink on server 20489.
Stored Mask Lifestyle Women's Printed Casual Shirt on server 26301.
Retrieved Skmei AD1057-Dark-Orange Sports Analog-Digital Watch  - For Men, Boys from server 41469.
Stored Zwart Dragoneyez-LP 25 L Backpack on server 80596.
Retrieved Skmei AD1057-Dark-Orange Sports Analog-Digital Watch  - For Men, Boys from server 41469.
Retrieved XEBAC XEBAC-ADAPTER-B725 Battery Charger from server 80596.
Retrieved Provogue Slim Fit Men's Jeans from server 70949.
Retrieved People Women's Checkered Casual Shirt from server 70949.
Retrieved Mask Lifestyle Women's Printed Casual Shirt from server 26301.
Stored Falconoverseas Fashion Brass Necklace on server 28934.
Retrieved Falconoverseas Fashion Brass Necklace from server 28934.
Retrieved O And O Printed Men's Round Neck T-Shirt from server 41469.
Stored 925 Silver Alloy Silver Bracelet on server 70949.
Stored Smart Picks Pouch Cartoons Art Polyester Pencil Boxes on server 30653.
Retrieved Sapatos Geometric Single Duvet Purple & Pink from server 20489.
Stored DakshCraft Handmade Copperware Serving Kadhai NA L on server 26850.
Retrieved Aaliya Casual Sleeveless Solid Women's Top from server 20489.
Retrieved Zwart Dragoneyez-LP 25 L Backpack from server 80596.
Retrieved People Women's Checkered Casual Shirt from server 70949.
Retrieved Mask Lifestyle Women's Printed Casual Shirt from server 26301.
Retrieved Marc N' Park Men's Solid Casual Shirt from server 26850.
Retrieved Baalaa Solid Women's Flared Kurta from server 41469.
Stored Vichy Capital Soleil Velvety Cream - SPF 50 PA+ on server 6763.
Stored C Kreul Bullet Tip Acrylic Colour Based Medium Paint Markers on server 6413.
Retrieved XEBAC XEBAC-ADAPTER-B725 Battery Charger from server 80596.
Retrieved Vichy Capital Soleil Velvety Cream - SPF 50 PA+ from server 6763.
Stored Shashvat Jewels Yellow Gold Diamond 9 K Ring on server 42053.
Retrieved Sapatos Plain Single Duvet Brown from server 30653.
Stored Lord's Silver Women's Ethnic Wear Women Wedges on server 61145.
Stored Kiosha Women's Shift Dress on server 61145.
Stored NEWGEN TECH EO-HS3303 194 Wired Headset on server 32780.
Retrieved Skmei AD1057-Dark-Orange Sports Analog-Digital Watch  - For Men, Boys from server 41469.
Stored TheLostPuppy Back Cover for Apple iPad Air 2 on server 41469.
Retrieved People Women's Checkered Casual Shirt from server 70949.
Retrieved NEWGEN TECH EO-HS3303 194 Wired Headset from server 32780.
Stored Sports 52 Wear Full Sleeve Solid Men's Jacket on server 32780.
Stored Returnfavors Cartoon shaped Coffee For Kids Ceramic Mug on server 41469.
Retrieved NEWGEN TECH EO-HS3303 194 Wired Headset from server 32780.
Stored wallskart Floral & Botanical Wallpaper on server 28934.
Retrieved Baalaa Solid Women's Flared Kurta from server 41469.
Stored JG Shoppe Neo S21 10 L Backpack on server 26850.
Retrieved O And O Printed Men's Round Neck T-Shirt from server 41469.
Retrieved Vetra E00TY19 Multifunction Car Tray For Maruti Suzuki Cup Holder Car Tray Table from server 32780.
Retrieved Lord's Silver Women's Ethnic Wear Women Wedges from server 61145.
Retrieved Sports 52 Wear Full Sleeve Solid Men's Jacket from server 32780.
Retrieved Love Bright Jewelry Sterling Silver Cubic Zirconia Rose Gold Ring from server 76794.
Retrieved Spangel Fashion Audi Style Alloy Mangalsutra from server 70949.
Retrieved NEWGEN TECH EO-HS3303 194 Wired Headset from server 32780.
Retrieved Vetra E00TY19 Multifunction Car Tray For Maruti Suzuki Cup Holder Car Tray Table from server 32780.
Retrieved XEBAC XEBAC-ADAPTER-B725 Battery Charger from server 80596.
Retrieved Sports 52 Wear Full Sleeve Solid Men's Jacket from server 32780.
Stored Tootpado Cartoon LED Desk Light - 1m189 - (Small Size: 7x5x8 cm) Study Table Lamp on server 41469.
Retrieved Vichy Capital Soleil Velvety Cream - SPF 50 PA+ from server 6763.
Retrieved Lord's Silver Women's Ethnic Wear Women Wedges from server 61145.
Stored Wall1ders Small PVC Vinyl Sticker on server 6413.
Retrieved DakshCraft Handmade Copperware Serving Kadhai NA L from server 26850.
Retrieved Tootpado Cartoon LED Desk Light - 1m189 - (Small Size: 7x5x8 cm) Study Table Lamp from server 41469.
Stored Vaishali Bindi and Bangles Brass, Copper Bangle Set on server 41469.
Retrieved Returnfavors Cartoon shaped Coffee For Kids Ceramic Mug from server 41469.
Retrieved Lord's Silver Women's Ethnic Wear Women Wedges from server 61145.
Retrieved NEWGEN TECH EO-HS3303 194 Wired Headset from server 32780.
Retrieved Baalaa Solid Women's Flared Kurta from server 41469.
Stored Ocean GO/ Capri Rock Glass on server 76794.
Stored Cutecumber Girl's High Low Dress on server 41469.
Retrieved O And O Printed Men's Round Neck T-Shirt from server 41469.
Retrieved Wall1ders Small PVC Vinyl Sticker from server 6413.
Retrieved XEBAC XEBAC-ADAPTER-B725 Battery Charger from server 80596.
Retrieved Ocean GO/ Capri Rock Glass from server 76794.
Retrieved Provogue Slim Fit Men's Jeans from server 36791.
Stored Platignum Retractable Fountain Pen on server 6763.
Retrieved O And O Printed Men's Round Neck T-Shirt from server 41469.
Stored Rajrang Carved Pattern Elephant Showpiece  -  8 cm on server 6763.
Stored MCB Exports Mini 4 Drawer Chest Showpiece  -  21 cm on server 63434.
Stored Galz4ever Royal Designer Alloy Necklace on server 32780.
Retrieved Sapatos Geometric Single Duvet Purple & Pink from server 36791.
Stored TP-LINK 300 Mbps Universal WiFi on server 41469.
Stored Pinq Chiq Women Heels on server 42053.
Retrieved Spangel Fashion Audi Style Alloy Mangalsutra from server 70949.
Retrieved Wall1ders Small PVC Vinyl Sticker from server 6413.
Retrieved XEBAC XEBAC-ADAPTER-B725 Battery Charger from server 80596.
Retrieved Tootpado Cartoon LED Desk Light - 1m189 - (Small Size: 7x5x8 cm) Study Table Lamp from server 41469.
Stored Grafion by Grafion - Comfort Feel Women's Full Coverage Bra on server 76794.
Retrieved Wall1ders Small PVC Vinyl Sticker from server 6413.
Stored TheLostPuppy Back Cover for Apple iPad Air on server 80596.
Retrieved Grafion by Grafion - Comfort Feel Women's Full Coverage Bra from server 76794.
Retrieved Marc N' Park Men's Solid Casual Shirt from server 26850.
Stored LittleThings Coconut Fridge Magnet on server 26850.
Retrieved Grafion by Grafion - Comfort Feel Women's Full Coverage Bra from server 76794.
Retrieved XEBAC XEBAC-ADAPTER-B725 Battery Charger from server 80596.
Retrieved NEWGEN TECH EO-HS3303 194 Wired Headset from server 31327.
Stored Garfield Casual Short Sleeve Printed Women's Top on server 6413.
Retrieved Grafion by Grafion - Comfort Feel Women's Full Coverage Bra from server 76794.
Stored Tallenge Christmas Collection - Nativity Art - Gallery Wrap Canvas Painting on server 41469.
Retrieved Mask Lifestyle Women's Printed Casual Shirt from server 63434.
Stored Jadoo Collections Alloy Necklace on server 63434.
Stored JDX Alloy Necklace on server 17080.
Retrieved Galz4ever Royal Designer Alloy Necklace from server 32780.
Retrieved Vichy Capital Soleil Velvety Cream - SPF 50 PA+ from server 6763.
Stored Vama Women's Polka Print Casual Shirt on server 30653.
Retrieved Aaliya Casual Sleeveless Solid Women's Top from server 20489.
Stored Allure Auto CM 359 Car Mat Maruti Eeco on server 17080.
Stored Grafion Comfortable Women's Full Coverage Bra on server 6763.
Stored Jewels5 Allene Yellow Gold Diamond 18 K Ring on server 23674.
Retrieved Park Avenue Park Avenue Cool Blue, Good Morning Pack of 2 Deodorants Combo Set from server 42053.
Retrieved TP-LINK 300 Mbps Universal WiFi from server 30986.
Stored U United Mad Angle DU 14 L Backpack on server 23674.
Retrieved wallskart Floral & Botanical Wallpaper from server 28934.
Retrieved LittleThings Coconut Fridge Magnet from server 17080.
Stored Nimya Solid Men's Polo Neck T-Shirt on server 26850.
Retrieved U United Mad Angle DU 14 L Backpack from server 23674.
Retrieved Vaishali Bindi and Bangles Brass, Copper Bangle Set from server 30986.
Stored Good Way Organge Ginger Lip Balm Ginger on server 41469.
Retrieved Smart Picks Pouch Cartoons Art Polyester Pencil Boxes from server 30653.
Retrieved Tootpado Cartoon LED Desk Light - 1m189 - (Small Size: 7x5x8 cm) Study Table Lamp from server 41469.
Stored Engage Combo Set on server 28934.
Retrieved LittleThings Coconut Fridge Magnet from server 17080.
Stored Cation Casual 3/4 Sleeve Solid Women's Top on server 76794.
Retrieved Park Avenue Park Avenue Cool Blue, Good Morning Pack of 2 Deodorants Combo Set from server 42053.
Retrieved Love Bright Jewelry Sterling Silver Cubic Zirconia Rose Gold Ring from server 76794.
Retrieved Nimya Solid Men's Polo Neck T-Shirt from server 26850.
Retrieved C Kreul Bullet Tip Acrylic Colour Based Medium Paint Markers from server 51171.
Retrieved Vetra E00TY19 Multifunction Car Tray For Maruti Suzuki Cup Holder Car Tray Table from server 32780.
Stored Ryka Story Cartoon Art Rexine Cloth Pencil Box on server 28934.
Retrieved Ocean GO/ Capri Rock Glass from server 76794.
Retrieved DakshCraft Handmade Copperware Serving Kadhai NA L from server 26850.
Retrieved Baalaa Solid Women's Flared Kurta from server 30986.
Retrieved Provogue Slim Fit Men's Jeans from server 14628.
Stored Enthopia Back Cover for iPad Air, iPad 5 on server 36791.
Retrieved LittleThings Coconut Fridge Magnet from server 17080.
Stored Tullis Women's Purple, Pink, Green, Blue, Red, Black Leggings on server 41469.
Stored BESTSUIT Black Micro-Usb Type For LG OPTIMUS USB Cable on server 26143.
Retrieved JG Shoppe Neo S21 10 L Backpack from server 26850.
Stored Shaun TrackPant Solid Girl's Track Pants on server 30986.
Stored D'steek Abstract Cushions Cover on server 17080.
Retrieved TheLostPuppy Back Cover for Apple iPad Air from server 80596.
Stored Reiki Crystal Products Showpiece  -  1.5 cm on server 61145.
Stored Asmi"s INTERNATIONAL 1 BIG Headlight FlashLight LED Spot Light on server 51171.
Stored Tia by Ten on Ten Floral Women's Push-up Bra on server 26850.
Retrieved LittleThings Coconut Fridge Magnet from server 17080.
Retrieved Wall1ders Small PVC Vinyl Sticker from server 6413.
Stored Miracle Retail Bonsai Wild Plant Artificial Plant  with Pot on server 28934.
Retrieved 925 Silver Alloy Silver Bracelet from server 14628.
Retrieved Miracle Retail Bonsai Wild Plant Artificial Plant  with Pot from server 28934.
Stored Bacca Bucci Black Boots on server 63434.
Retrieved Park Avenue Park Avenue Cool Blue, Good Morning Pack of 2 Deodorants Combo Set from server 42053.
Retrieved Asmi"s INTERNATIONAL 1 BIG Headlight FlashLight LED Spot Light from server 51171.
Stored Orange and Orchid Printed Men's Round Neck T-Shirt on server 6413.
Retrieved 925 Silver Alloy Silver Bracelet from server 14628.
Stored Shoppingekart DS0222 Rewin Pack of 3 Digital Watch  - For Boys, Girls, Couple, Men on server 63434.
Retrieved Vaishali Bindi and Bangles Brass, Copper Bangle Set from server 30986.
Stored VITAMINS Casual Sleeveless Embellished Baby Girl's Top on server 30986.
Stored Toyto Men Sandals on server 30986.
Retrieved Grafion Comfortable Women's Full Coverage Bra from server 6763.
Retrieved Wall1ders Small PVC Vinyl Sticker from server 6413.
Retrieved Vaishali Bindi and Bangles Brass, Copper Bangle Set from server 30986.
Stored Falconoverseas Fashion Brass Necklace on server 76794.
Retrieved Sports 52 Wear Full Sleeve Solid Men's Jacket from server 32780.
Retrieved Grafion by Grafion - Comfort Feel Women's Full Coverage Bra from server 11722.
Retrieved TheLostPuppy Back Cover for Apple iPad Air 2 from server 30986.
Retrieved Miracle Retail Bonsai Wild Plant Artificial Plant  with Pot from server 28934.
Retrieved JG Shoppe Neo S21 10 L Backpack from server 26850.
Stored OTC Kadai with Long Handle 19CM (Aluminium) Kadhai 1.2 L on server 17080.
Retrieved Falconoverseas Fashion Brass Necklace from server 76794.
Stored Cobb Women's Dark Blue Capri on server 11722.
Retrieved Pinq Chiq Women Heels from server 17080.
Stored IESD Metal Necklace on server 23674.
Retrieved D'steek Abstract Cushions Cover from server 17080.
Stored Shrih SH-0192 Wired USB Flexible Keyboard on server 63434.
Stored nogaiya Pendants Ceiling Lamp on server 32780.
Retrieved C Kreul Bullet Tip Acrylic Colour Based Medium Paint Markers from server 51171.
Retrieved JG Shoppe Neo S21 10 L Backpack from server 26850.
Retrieved Pinq Chiq Women Heels from server 17080.
Retrieved Galz4ever Royal Designer Alloy Necklace from server 32780.
Retrieved Reiki Crystal Products Showpiece  -  1.5 cm from server 61145.
Retrieved Baalaa Solid Women's Flared Kurta from server 30986.
Stored HRX Casual Sleeveless Printed Women's Top on server 75963.
Retrieved Sapatos Plain Single Duvet Brown from server 30653.
Retrieved Shrih SH-0192 Wired USB Flexible Keyboard from server 63434.
Stored Voylla Metal, Alloy Necklace on server 51171.
Stored Saarah Self Design Kurta & Salwar on server 41469.
Retrieved Grafion by Grafion - Comfort Feel Women's Full Coverage Bra from server 11722.
Retrieved Shashvat Jewels Yellow Gold Diamond 9 K Ring from server 42053.
Retrieved O And O Printed Men's Round Neck T-Shirt from server 41469.
Stored Clench Skinny Fit Boy's Jeans on server 11722.
Retrieved Orange and Orchid Printed Men's Round Neck T-Shirt from server 6413.
Stored Fuson Back Cover for Samsung Galaxy J7 on server 36791.
Retrieved Ocean GO/ Capri Rock Glass from server 76794.
Retrieved Cation Casual 3/4 Sleeve Solid Women's Top from server 76794.
Retrieved Pinq Chiq Women Heels from server 17080.
Retrieved Shrih SH-0192 Wired USB Flexible Keyboard from server 63434.
Retrieved Smart Picks Pouch Cartoons Art Polyester Pencil Boxes from server 75963.
Retrieved Marc N' Park Men's Solid Casual Shirt from server 26850.
Retrieved Falconoverseas Fashion Brass Necklace from server 16836.
Stored Sonata 8013YL02 Analog Watch  - For Women on server 6413.
Stored Furst Sync Data & Charging For Blade D2 USB Cable on server 53615.
Retrieved Ocean GO/ Capri Rock Glass from server 76794.
Stored Giftsnfriends Cotton Printed Dress/Top Material on server 51171.
Retrieved Reiki Crystal Products Showpiece  -  1.5 cm from server 61145.
Retrieved Tallenge Christmas Collection - Nativity Art - Gallery Wrap Canvas Painting from server 41469.
Retrieved JG Shoppe Neo S21 10 L Backpack from server 26850.
Retrieved Good Way Organge Ginger Lip Balm Ginger from server 41469.
Retrieved Vichy Capital Soleil Velvety Cream - SPF 50 PA+ from server 6763.
Stored DLOOP Hand-held Bag on server 89849.
Retrieved Saarah Self Design Kurta & Salwar from server 41469.
Stored Albely Casual Short Sleeve Solid Women's Top on server 75963.
Retrieved Asmi"s INTERNATIONAL 1 BIG Headlight FlashLight LED Spot Light from server 51171.
Stored S4S Comfortable Women's Full Coverage Bra on server 6763.
Retrieved Smart Picks Pouch Cartoons Art Polyester Pencil Boxes from server 75963.
Stored Oly Two Fit Fit Women's Black Jeans on server 63434.
Stored DailyObjects Back Cover for Apple iPad Mini, Retina Display on server 30986.
Retrieved Cutecumber Girl's High Low Dress from server 89797.
Stored SFDS Casual, Formal, Party Sleeveless Self Design Women's Top on server 30653.
Stored HomeeHub Polyester Multicolor Self Design Eyelet Window Curtain on server 24974.
Stored MOOI-ZAK Girls, Women Purple, Black PU Sling Bag on server 70949.
Retrieved Shrih SH-0192 Wired USB Flexible Keyboard from server 63434.
Retrieved Jewels5 Allene Yellow Gold Diamond 18 K Ring from server 23674.
Stored Voylla Alloy Crystal Yellow Gold Bangle on server 6413.
Stored Simrit Women's Nighty on server 36791.
Stored VR Designers Glass Necklace on server 14628.
Stored Rajrang Recycled Handmade A5 Diary Hand Sewn on server 6763.
Stored Sierra Women's Shift Dress on server 32780.
Retrieved Clench Skinny Fit Boy's Jeans from server 11722.
Retrieved Grafion Comfortable Women's Full Coverage Bra from server 16836.
Retrieved Sapatos Plain Single Duvet Brown from server 30653.
Retrieved Returnfavors Cartoon shaped Coffee For Kids Ceramic Mug from server 30986.
Retrieved MCB Exports Mini 4 Drawer Chest Showpiece  -  21 cm from server 63434.
Stored Tenda FH330 on server 6763.
Retrieved Tallenge Christmas Collection - Nativity Art - Gallery Wrap Canvas Painting from server 94705.
Retrieved Sapatos Geometric Single Duvet Purple & Pink from server 36791.
Stored S4S Stylish Women's Full Coverage Bra on server 63434.
Stored Sitaram Women's Top and Skirt Set on server 41469.
Retrieved Sonata 8013YL02 Analog Watch  - For Women from server 64234.
Retrieved IESD Metal Necklace from server 23674.
Retrieved Simrit Women's Nighty from server 36791.
Stored EASIES Solid Single Breasted Casual Men's Blazer on server 75963.
Stored Silly People Women's Striped Casual Shirt on server 41469.
Retrieved Sapatos Plain Single Duvet Brown from server 30653.
Retrieved DailyObjects Back Cover for Apple iPad Mini, Retina Display from server 30986.
Retrieved Pinq Chiq Women Heels from server 17080.
Stored Perucci PC-502C Decker Analog Watch  - For Men on server 89797.
Stored TheLostPuppy Back Cover for Apple iPad Air on server 17080.
Retrieved TheLostPuppy Back Cover for Apple iPad Air 2 from server 30986.
Stored Vaishali Bindi and Bangles Brass, Copper Bangle Set on server 61145.
Retrieved Jadoo Collections Alloy Necklace from server 63434.
Retrieved Cobb Women's Dark Blue Capri from server 11722.
Stored Sam Rolling Pizza Cutter on server 24974.
Stored Oxyglow Fruit Massage Cream With Vitamin-E & Essence Of Clove Anti Pimple Face Pack 3 on server 61145.
Stored GALLOWAY skinny Fit Women's Jeans on server 76794.
Retrieved Sapatos Plain Single Duvet Brown from server 30653.
Retrieved IESD Metal Necklace from server 23674.
Retrieved Skmei AD1057-Dark-Orange Sports Analog-Digital Watch  - For Men, Boys from server 30986.
Stored Bodymark 685 Men's Cargos on server 17080.
Retrieved JG Shoppe Neo S21 10 L Backpack from server 26850.
Stored Jogur Full Sleeve Solid Men's Sweatshirt on server 6763.
Retrieved JDX Alloy Necklace from server 53615.
Retrieved IESD Metal Necklace from server 23674.
Retrieved Reiki Crystal Products Showpiece  -  1.5 cm from server 61145.
Stored Quoface Day And Night Vision Car And Bike Driving Cycling Goggles on server 42053.
Retrieved S4S Comfortable Women's Full Coverage Bra from server 6763.
Stored SVVM SMGRNBLK01BP 25 L Backpack on server 32780.
Stored Abhira Top Girl's  Combo on server 36791.
Stored Tapyti Party Sleeveless Solid Women's Top on server 89797.
Stored Provalley Solid Boy's Basic Shorts on server 6413.
Retrieved S4S Comfortable Women's Full Coverage Bra from server 6763.
Retrieved Sonata 8013YL02 Analog Watch  - For Women from server 64234.
Retrieved Lord's Silver Women's Ethnic Wear Women Wedges from server 61875.
Stored Deziworkz Plant Container Set on server 63434.
Retrieved Giftsnfriends Cotton Printed Dress/Top Material from server 51171.
Retrieved HomeeHub Polyester Multicolor Self Design Eyelet Window Curtain from server 24974.
Retrieved Allure Auto CM 359 Car Mat Maruti Eeco from server 37976.
Retrieved Simrit Women's Nighty from server 36791.
Stored Anuradha Art Silver Polished Brooch on server 75963.
Stored Tenda TE-D830R on server 33450.
Retrieved Cutecumber Girl's High Low Dress from server 89797.
Retrieved Simrit Women's Nighty from server 36791.
Stored Volaliva Metal Choker on server 36791.
Stored Auburn Lm Loafers on server 75963.
Stored Harissons Split 26 L Backpack on server 61145.
Retrieved Jewels5 Allene Yellow Gold Diamond 18 K Ring from server 23674.
Retrieved U United Mad Angle DU 14 L Backpack from server 51171.
Retrieved Spangel Fashion Audi Style Alloy Mangalsutra from server 70949.
Stored Polo House USA ExclusiveTrolleyBag15OE Cabin Luggage - 20 on server 47591.
Stored meSleep Abstract Cushions Cover on server 12063.
Stored Rama Floral Single Quilts & Comforters Yellow on server 33450.
Retrieved Good Way Organge Ginger Lip Balm Ginger from server 94705.
Stored Oviyon Embroidered Men's Polo Neck T-Shirt on server 11722.
Retrieved Jadoo Collections Alloy Necklace from server 63434.
Stored Grafion by Grafion - Comfort Feel Women's Full Coverage Bra on server 23674.
Stored Gift Island Alloy Necklace on server 17080.
Retrieved O And O Printed Men's Round Neck T-Shirt from server 94705.
Retrieved TP-LINK 300 Mbps Universal WiFi from server 30986.
Stored Vivity Comfortable Women's Plunge Bra on server 26850.
Stored Generix OTG for Honor 5X OTG Cable on server 54009.
Retrieved Tenda TE-D830R from server 33450.
Stored Aroma Care Intense Color Nail Polish Combo 175057 49.5 ml on server 6413.
Stored Okane Self Design Men's Polo Neck T-Shirt on server 51171.
Retrieved MCB Exports Mini 4 Drawer Chest Showpiece  -  21 cm from server 63434.
Retrieved Vetra E00TY19 Multifunction Car Tray For Maruti Suzuki Cup Holder Car Tray Table from server 50929.
Retrieved Cutecumber Girl's High Low Dress from server 89797.
Retrieved S4S Comfortable Women's Full Coverage Bra from server 6763.
Retrieved Vivity Comfortable Women's Plunge Bra from server 26850.
Retrieved Toyto Men Sandals from server 61875.
Stored Whistle Solid Men's Round Neck T-Shirt on server 76794.
Retrieved DLOOP Hand-held Bag from server 89849.
Stored Bhavika Brass Bangle Set on server 61875.
Retrieved Nimya Solid Men's Polo Neck T-Shirt from server 26850.
Retrieved Sports 52 Wear Full Sleeve Solid Men's Jacket from server 84270.
Retrieved Sitaram Women's Top and Skirt Set from server 41469.
Stored Radiant Bay Pear Flair Yellow Gold Diamond 14 K Ring on server 89797.
Retrieved S4S Stylish Women's Full Coverage Bra from server 63434.
Retrieved Zwart Dragoneyez-LP 25 L Backpack from server 75963.
Retrieved Clench Skinny Fit Boy's Jeans from server 11722.
Retrieved Orange and Orchid Printed Men's Round Neck T-Shirt from server 61875.
Retrieved Smart Picks Pouch Cartoons Art Polyester Pencil Boxes from server 75963.
Retrieved SVVM SMGRNBLK01BP 25 L Backpack from server 32780.
Retrieved wallskart Floral & Botanical Wallpaper from server 64234.
Stored Smart Power Suction Cup Mount Holder on server 23674.
Retrieved Tullis Women's Purple, Pink, Green, Blue, Red, Black Leggings from server 94705.
Stored Ratash.Com LA_0129_2 Showpiece  -  8 cm on server 36791.
Stored Blenni Women's Solid Casual Shirt on server 19429.
Stored Peter England Men's Solid Formal Shirt on server 84270.
Retrieved Grafion by Grafion - Comfort Feel Women's Full Coverage Bra from server 23674.
Retrieved wallskart Floral & Botanical Wallpaper from server 64234.
Stored The Fine World Glitzy Shimmering Stones Brass Zircon Metal Drop Earring on server 51171.
Retrieved Tia by Ten on Ten Floral Women's Push-up Bra from server 89849.
Stored Rann Women's Leggings on server 26143.
Retrieved Whistle Solid Men's Round Neck T-Shirt from server 76794.
Stored Meira Women's A-line Dress on server 36791.
Retrieved Auburn Lm Loafers from server 75963.
Retrieved NEWGEN TECH EO-HS3303 194 Wired Headset from server 75963.
Retrieved Auburn Lm Loafers from server 75963.
Retrieved Enthopia Back Cover for iPad Air, iPad 5 from server 36791.
Stored Lapguard HP Pavilion dv5-1008ca 6 Cell Laptop Battery on server 47591.
Retrieved Sapatos Geometric Single Duvet Purple & Pink from server 36791.
Retrieved DLOOP Hand-held Bag from server 89849.
Retrieved Sapatos Geometric Single Duvet Purple & Pink from server 36791.
Retrieved wallskart Floral & Botanical Wallpaper from server 64234.
Retrieved Park Avenue Park Avenue Cool Blue, Good Morning Pack of 2 Deodorants Combo Set from server 21512.
Retrieved VR Designers Glass Necklace from server 37976.
Stored Nine Lions Bollywood Fashion Party Sleeveless Solid Women's Top on server 36791.
Retrieved Smart Picks Pouch Cartoons Art Polyester Pencil Boxes from server 75963.
Retrieved Perucci PC-502C Decker Analog Watch  - For Men from server 89797.
Retrieved Bhavika Brass Bangle Set from server 53444.
Stored Cation Casual 3/4 Sleeve Solid Women's Top on server 70693.
Stored Starsy Printed Women's Round Neck Green T-Shirt on server 64234.
Stored Eira Casual Printed Women's Kurti on server 21512.
Retrieved Grafion by Grafion - Comfort Feel Women's Full Coverage Bra from server 62332.
Stored Selfcare Soft & Comfortable Newly Launched Girl's Top - Pyjama Set on server 16836.
Stored Nirvana Printed Men's Round Neck T-Shirt on server 61145.
Retrieved Tootpado Cartoon LED Desk Light - 1m189 - (Small Size: 7x5x8 cm) Study Table Lamp from server 41469.
Retrieved Vaishali Bindi and Bangles Brass, Copper Bangle Set from server 61145.
Stored JSR Paris Beauty Pro Women's Full Coverage Bra on server 75963.
Retrieved Spangel Fashion Audi Style Alloy Mangalsutra from server 84270.
Stored Rapter BNC-047 BNC Wire Connector on server 14628.
Stored Hawai Combo Girl's  Combo on server 23674.
Retrieved Enthopia Back Cover for iPad Air, iPad 5 from server 36791.
Retrieved Radiant Bay Pear Flair Yellow Gold Diamond 14 K Ring from server 89797.
Retrieved Deziworkz Plant Container Set from server 64234.
Retrieved Smart Picks Pouch Cartoons Art Polyester Pencil Boxes from server 75963.
Retrieved TheLostPuppy Back Cover for Apple iPad Air from server 17080.
Stored Allure Auto CM 1827 Car Mat Tata Victa on server 94108.
Retrieved Falconoverseas Fashion Brass Necklace from server 76794.
Retrieved Sapatos Plain Single Duvet Brown from server 19429.
Retrieved XEBAC XEBAC-ADAPTER-B725 Battery Charger from server 89797.
Retrieved Orange and Orchid Printed Men's Round Neck T-Shirt from server 6413.
Retrieved SFDS Casual, Formal, Party Sleeveless Self Design Women's Top from server 30653.
Stored X-Poz Women's Grey Dungaree on server 28934.
Stored Voylla Artificial Classic Plain Yellow Gold Plated Alloy Necklace on server 43003.
Retrieved Generix OTG for Honor 5X OTG Cable from server 54009.
Retrieved Selfcare Soft & Comfortable Newly Launched Girl's Top - Pyjama Set from server 16836.
Stored Cotton Fab Printed Women's Maternity Wear Kurti on server 21512.
Stored TIMBERLAKE Slim Fit Fit Women's Blue Jeans on server 61145.
Stored Excellent4U Cotton Baby Towel on server 19429.
Retrieved Anuradha Art Silver Polished Brooch from server 89573.
Stored Rakam Gold Diamond Yellow Gold 18 K Ring on server 36791.
Stored Bombay High Women's Checkered Casual Shirt on server 6763.
Retrieved Aroma Care Intense Color Nail Polish Combo 175057 49.5 ml from server 23250.
Stored Divine Tree SD19 Seed on server 34959.
Retrieved Nirvana Printed Men's Round Neck T-Shirt from server 61145.
Retrieved Lord's Silver Women's Ethnic Wear Women Wedges from server 53444.
Stored Jewelizer Statement Crystal Silver Plated Alloy Necklace on server 61145.
Retrieved Vichy Capital Soleil Velvety Cream - SPF 50 PA+ from server 6763.
Stored Inego Slim Fit Men's Trousers on server 23250.
Stored Voylla Artifictial Silver Plated Alloy Necklace on server 64234.
Stored Ski Fancy School Art Plastic Pencil Box on server 13162.
Retrieved MCB Exports Mini 4 Drawer Chest Showpiece  -  21 cm from server 19723.
Retrieved Bhavika Brass Bangle Set from server 53444.
Retrieved People Women's Checkered Casual Shirt from server 36791.
Retrieved Inego Slim Fit Men's Trousers from server 23250.
Stored TP-LINK TL-WA830RE 300 Mbps Wireless N Range Extender on server 33450.
Stored DailyObjects Back Cover for Apple iPad 2/3/4 on server 42053.
Stored Mee Mee Baby Boy's, Baby Girl's Romper on server 97903.
Stored Clovia Women's Full Coverage Bra on server 30653.
Retrieved Sports 52 Wear Full Sleeve Solid Men's Jacket from server 84270.
Retrieved Aaliya Casual Sleeveless Solid Women's Top from server 64234.
Retrieved Meira Women's A-line Dress from server 36791.
Stored Nillkin Z3-84345 Mirror Screen Guard for Blackberry Z3 on server 33450.
Retrieved Asmi"s INTERNATIONAL 1 BIG Headlight FlashLight LED Spot Light from server 51171.
Retrieved Sports 52 Wear Full Sleeve Solid Men's Jacket from server 84270.
Stored Ploomz Women's Push-up Bra on server 19429.
Retrieved Cobb Women's Dark Blue Capri from server 11722.
Stored Lal Haveli Iron & Wood Embossed Painting Iron Decorative Musician Figurine Set of 5 Pieces Showpiece  -  42 cm on server 17080.
Retrieved Anuradha Art Silver Polished Brooch from server 89573.
Stored Buckle Up Chick Party Wear Shoes on server 42053.
Retrieved Inego Slim Fit Men's Trousers from server 23250.
Retrieved X-Poz Women's Grey Dungaree from server 28934.
Stored Enthopia Flip Cover for iPad 2, iPad 3, iPad 4 on server 79014.
Stored Goldcave Plastic Wall Shelf on server 26850.
Retrieved EASIES Solid Single Breasted Casual Men's Blazer from server 75963.
Retrieved O And O Printed Men's Round Neck T-Shirt from server 94705.
Retrieved Shashvat Jewels Yellow Gold Diamond 9 K Ring from server 16836.
Retrieved VR Designers Glass Necklace from server 37976.
Retrieved Sonata 8013YL02 Analog Watch  - For Women from server 64234.
Stored Speedwav 77341 Handlebar on server 14628.
Retrieved Sam Rolling Pizza Cutter from server 51171.
Retrieved Ploomz Women's Push-up Bra from server 19429.
Stored Origin Sport Solid Men's Polo T-Shirt on server 49056.
Retrieved Oviyon Embroidered Men's Polo Neck T-Shirt from server 11722.
Retrieved Smart Power Suction Cup Mount Holder from server 89573.
Stored TheLostPuppy Back Cover for Apple iPad Air on server 23674.
Retrieved Furst Sync Data & Charging For Blade D2 USB Cable from server 53615.
Retrieved Engage Combo Set from server 34959.
Stored SNE Book Cover for Swipe MTV Slash on server 33450.
Stored Kaaryah Formal Short Sleeve Solid Women's Top on server 32780.
Stored SUNWIN Women's Pyjama on server 88582.
Stored Nimya Solid Men's Polo Neck T-Shirt on server 7129.
Stored Times 326TMS326 Party-Wedding Analog Watch  - For Women on server 38568.
Stored LGC Women's Black, Maroon Capri on server 18791.
Stored Wallmantra Extra Large Vinyl Stickers Sticker on server 50929.
Stored Charvee Alloy Jewel Set on server 70022.
Retrieved Origin Sport Solid Men's Polo T-Shirt from server 49056.
Stored GCMR Silver Plated Wood Necklace on server 89849.
Retrieved TP-LINK TL-WA830RE 300 Mbps Wireless N Range Extender from server 33450.
Retrieved Origin Sport Solid Men's Polo T-Shirt from server 49056.
Retrieved Wall1ders Small PVC Vinyl Sticker from server 6413.
Retrieved C Kreul Bullet Tip Acrylic Colour Based Medium Paint Markers from server 51171.
Stored i-KitPit Pouch for Lenovo A369i on server 84270.
Stored Ladyland Daisy Purple Women's Full Coverage Bra on server 23250.
Retrieved TIMBERLAKE Slim Fit Fit Women's Blue Jeans from server 61145.
Retrieved TP-LINK 300 Mbps Universal WiFi from server 23250.
Retrieved DLOOP Hand-held Bag from server 89849.
Stored VRCT 196 inch Green Rice Lights on server 7129.
Retrieved Tootpado Cartoon LED Desk Light - 1m189 - (Small Size: 7x5x8 cm) Study Table Lamp from server 41469.
Retrieved EASIES Solid Single Breasted Casual Men's Blazer from server 75963.
Retrieved Allure Auto CM 359 Car Mat Maruti Eeco from server 38568.
Retrieved D'steek Abstract Cushions Cover from server 29401.
Stored Urbaano Women's Full Coverage Bra on server 7129.
Stored Fbling Women's Leggings on server 42092.
Stored La Rochelle Women's Leggings on server 26143.
Stored Younky Fashion Women's Full Coverage Bra on server 19723.
Retrieved Grafion Comfortable Women's Full Coverage Bra from server 49056.
Stored HomeeHub Polyester Multicolor Self Design Eyelet Window Curtain on server 7129.
Retrieved Ryka Story Cartoon Art Rexine Cloth Pencil Box from server 18791.
Retrieved Speedwav 77341 Handlebar from server 46506.
Stored Gift Island Alloy Necklace on server 17080.
Retrieved Origin Sport Solid Men's Polo T-Shirt from server 49056.
Retrieved Bhavika Brass Bangle Set from server 53444.
Stored Theskinmantra Sleeve for All versions of Apple ipad on server 85828.
Retrieved VRCT 196 inch Green Rice Lights from server 7129.
Retrieved TheLostPuppy Back Cover for Apple iPad Air from server 17080.
Retrieved Clench Skinny Fit Boy's Jeans from server 34959.
Stored Russell Athletic Full Sleeve Printed Women's Sweatshirt on server 94108.
Retrieved Saarah Self Design Kurta & Salwar from server 94705.
Retrieved Auburn Lm Loafers from server 75963.
Retrieved LGC Women's Black, Maroon Capri from server 18791.
Stored Home Originals Abstract, Abstract Double Blanket Multicolor on server 32780.
Stored Love From India Women's A-line Dress on server 51171.
Retrieved Peter England Men's Solid Formal Shirt from server 84270.
Stored FURNISHINGLAND Brown Polyester Carpet on server 47591.
Stored NETGEAR WNDR4000 N750 WIRELESS DUAL BAND GIGABIT Router on server 79014.
Retrieved nogaiya Pendants Ceiling Lamp from server 73990.
Retrieved Vaishali Bindi and Bangles Brass, Copper Bangle Set from server 49056.
Retrieved XEBAC XEBAC-ADAPTER-B725 Battery Charger from server 89797.
Retrieved Inego Slim Fit Men's Trousers from server 23250.
Stored Arstoreindia Boots on server 94705.
Stored Enthopia Flip Cover for iPad 2, iPad 3, iPad 4 on server 23674.
Retrieved Times 326TMS326 Party-Wedding Analog Watch  - For Women from server 38568.
Stored My Design Lac 8K Yellow Gold Bangle Set on server 54009.
Retrieved Speedwav 77341 Handlebar from server 46506.
Stored Heels & Handles Pouch Potli on server 55603.
Retrieved Aroma Care Intense Color Nail Polish Combo 175057 49.5 ml from server 23250.
Stored Allure Auto CM 762 Car Mat Hyundai Verna on server 43003.
Retrieved Voylla Artifictial Silver Plated Alloy Necklace from server 64234.
Retrieved Shrih SH-0192 Wired USB Flexible Keyboard from server 47591.
Stored Voylla Crystal Alloy Necklace on server 62332.
Stored Kandoi Cotton Silk Blend Embroidered Blouse Material on server 16836.
Retrieved HomeeHub Polyester Multicolor Self Design Eyelet Window Curtain from server 51171.
Retrieved Vama Women's Polka Print Casual Shirt from server 75963.
Retrieved Ryka Story Cartoon Art Rexine Cloth Pencil Box from server 18791.
Retrieved Allure Auto CM 359 Car Mat Maruti Eeco from server 38568.
Stored StyleAva Women's Bubble Dress on server 19723.
Stored Fanideaz Printed Men's Round Neck Grey T-Shirt on server 7129.
Retrieved People Women's Checkered Casual Shirt from server 36791.
Stored Dexas Red Color Rolling Pizza Cutter on server 34959.
Retrieved Bodymark 685 Men's Cargos from server 17080.
Retrieved NETGEAR WNDR4000 N750 WIRELESS DUAL BAND GIGABIT Router from server 79014.
Retrieved Abhira Top Girl's  Combo from server 36791.
Stored Voylla Alloy Necklace on server 79014.
Retrieved Rapter BNC-047 BNC Wire Connector from server 14628.
Stored Lal Haveli House Kitchen Decorative Solid Almirah Wooden Stool Showpiece  -  45.72 cm on server 23674.
Retrieved Grafion Comfortable Women's Full Coverage Bra from server 49056.
Retrieved XEBAC XEBAC-ADAPTER-B725 Battery Charger from server 89797.
Stored ezyPRNT "BC" Golf Ball -   Size: 4,  Diameter: 4.26 cm on server 38568.
Retrieved XEBAC XEBAC-ADAPTER-B725 Battery Charger from server 89797.
Retrieved Marc N' Park Men's Solid Casual Shirt from server 26850.
Stored Krishna Mart Solid Women's Regular Skirt on server 54009.
Stored Springwel Single Spring Mattress on server 18791.
Stored Aurraa Printed Single Quilts & Comforters Green on server 18791.
Retrieved Wallmantra Extra Large Vinyl Stickers Sticker from server 50929.
Stored Jewelizer Leather Bracelet on server 19528.
Retrieved SFDS Casual, Formal, Party Sleeveless Self Design Women's Top from server 1018.
Retrieved S4S Comfortable Women's Full Coverage Bra from server 13162.
Stored Takspin casual & stylish collection of clutcher ( set of 2 big & 2 small) Hair Claw on server 34959.
Retrieved Anuradha Art Silver Polished Brooch from server 55881.
Stored JDX Plain Bed/Sleeping Pillow on server 55881.
Retrieved Grafion Comfortable Women's Full Coverage Bra from server 90337.
Stored Clairefontaine 14.6 x 9.8 cm A6 Notebook Adhesive Bound on server 19429.
Retrieved Grafion by Grafion - Comfort Feel Women's Full Coverage Bra from server 11722.
Retrieved Oly Two Fit Fit Women's Black Jeans from server 19723.
Stored Kuhuk Plastic Bangle Set on server 26143.
Retrieved Sonata 8013YL02 Analog Watch  - For Women from server 19528.
Stored Wallmantra Small Vinyl Stickers Sticker on server 15199.
Stored VRTYA Casual Sleeveless Solid Women's Black Top on server 32780.
Retrieved Lord's Silver Women's Ethnic Wear Women Wedges from server 53444.
Retrieved Enthopia Flip Cover for iPad 2, iPad 3, iPad 4 from server 32041.
Retrieved Lord's Silver Women's Ethnic Wear Women Wedges from server 53444.
Stored Trudeau Stress-Less Wheel Pizza Cutter on server 51171.
Retrieved Wall1ders Small PVC Vinyl Sticker from server 6413.
Retrieved TIMBERLAKE Slim Fit Fit Women's Blue Jeans from server 61145.
Retrieved DLOOP Hand-held Bag from server 48092.
Retrieved nogaiya Pendants Ceiling Lamp from server 32780.
Retrieved Grafion by Grafion - Comfort Feel Women's Full Coverage Bra from server 11722.
Retrieved wallskart Floral & Botanical Wallpaper from server 64234.
Retrieved Abhira Top Girl's  Combo from server 36791.
Retrieved Kuhuk Plastic Bangle Set from server 26143.
Retrieved JSR Paris Beauty Pro Women's Full Coverage Bra from server 75963.
Stored Radiant Bay Voluminious Black and White Yellow Gold Diamond 18 K Ring on server 29401.
Retrieved Urbaano Women's Full Coverage Bra from server 7129.
Retrieved JG Shoppe Neo S21 10 L Backpack from server 26850.
Retrieved Provalley Solid Boy's Basic Shorts from server 23250.
Retrieved Buckle Up Chick Party Wear Shoes from server 42053.
Retrieved Clench Skinny Fit Boy's Jeans from server 34959.
Stored BlueStone The Ciara for her Yellow Gold Diamond 18 K Ring on server 6763.
Retrieved Shrih SH-0192 Wired USB Flexible Keyboard from server 47591.
Retrieved Miracle Retail Bonsai Wild Plant Artificial Plant  with Pot from server 70693.
Retrieved Deziworkz Plant Container Set from server 64234.
Stored Rampwalk Casual Sleeveless Solid Women's Top on server 28699.
Stored Fabulloso Metal Dangle Earring on server 32041.
Retrieved Clairefontaine 14.6 x 9.8 cm A6 Notebook Adhesive Bound from server 19429.
Retrieved HomeeHub Polyester Multicolor Self Design Eyelet Window Curtain from server 51171.
Retrieved Radiant Bay Voluminious Black and White Yellow Gold Diamond 18 K Ring from server 29401.
Retrieved Allure Auto CM 762 Car Mat Hyundai Verna from server 43003.
Retrieved Engage Combo Set from server 34959.
Retrieved Mask Lifestyle Women's Printed Casual Shirt from server 55881.
Stored Friendz Ceramic Necklace on server 37976.
Retrieved Takspin casual & stylish collection of clutcher ( set of 2 big & 2 small) Hair Claw from server 34959.
Stored Selfcare Women's Thong Panty on server 89849.
Stored Leelan Women's Solid Casual Shirt on server 70022.
Stored Needhi Kadhai 3 L on server 37976.
Retrieved Smart Power Suction Cup Mount Holder from server 18974.
Stored Shopat7 Barbie Friends Art Plastic Pencil Box on server 77728.
Stored Skmei AD1057-Dark-Orange Sports Analog-Digital Watch  - For Men, Boys on server 84270.
Retrieved DailyObjects Back Cover for Apple iPad Mini, Retina Display from server 23250.
Retrieved Theskinmantra Sleeve for All versions of Apple ipad from server 85828.
Stored Leading Lady Women's Full Coverage Bra on server 22434.
Stored Veakupia Casual Full Sleeve Solid Women's Top on server 67620.
Stored Kombee Girl's Printed Red, Pink Top & Capri Set on server 53444.
Stored Snuggles Baby Girl's A-line Dress on server 51171.
Retrieved Platignum Retractable Fountain Pen from server 90337.
Retrieved Springwel Single Spring Mattress from server 90337.
Retrieved VITAMINS Casual Sleeveless Embellished Baby Girl's Top from server 53444.
Stored Pollo Lace Up on server 34096.
Retrieved BESTSUIT Black Micro-Usb Type For LG OPTIMUS USB Cable from server 26143.
Retrieved Inego Slim Fit Men's Trousers from server 23250.
Stored Leelan Women's Solid Casual Shirt on server 70022.
Retrieved Clench Skinny Fit Boy's Jeans from server 34959.
Retrieved Snuggles Baby Girl's A-line Dress from server 51171.
Retrieved TIMBERLAKE Slim Fit Fit Women's Blue Jeans from server 61145.
Retrieved i-KitPit Pouch for Lenovo A369i from server 84270.
Retrieved LGC Women's Black, Maroon Capri from server 18791.
Retrieved Veakupia Casual Full Sleeve Solid Women's Top from server 67620.
Retrieved Bombay High Women's Checkered Casual Shirt from server 66928.
Stored R18Jewels-Fashion&U Princess Gorgeous Metal Bangle Set on server 50929.
Retrieved Ocean GO/ Capri Rock Glass from server 76794.
Stored Aviiq Book Cover for Apple iPad Mini on server 89797.
Retrieved Enthopia Back Cover for iPad Air, iPad 5 from server 36791.
Stored Homeshopeez Double Side - Green - Mgt Character Art Plastic Pencil Box on server 7129.
Retrieved StyleAva Women's Bubble Dress from server 19723.
Retrieved HomeeHub Polyester Multicolor Self Design Eyelet Window Curtain from server 7129.
Retrieved SUNWIN Women's Pyjama from server 88582.
Retrieved Generix OTG for Honor 5X OTG Cable from server 54009.
Retrieved Nillkin Z3-84345 Mirror Screen Guard for Blackberry Z3 from server 55603.
Retrieved Vivity Comfortable Women's Plunge Bra from server 26850.
Stored Printland PMR1901 Ceramic Mug on server 51171.
Retrieved Starsy Printed Women's Round Neck Green T-Shirt from server 18791.
Retrieved JDX Plain Bed/Sleeping Pillow from server 55881.
Retrieved Snuggles Baby Girl's A-line Dress from server 51171.
Stored Lal Haveli Beautiful Wooden Jharoka Photo Frames Showpiece  -  43.18 cm on server 85274.
Retrieved Rampwalk Casual Sleeveless Solid Women's Top from server 28699.
Retrieved StyleAva Women's Bubble Dress from server 19723.
Retrieved Krishna Mart Solid Women's Regular Skirt from server 54009.
Retrieved Perucci PC-502C Decker Analog Watch  - For Men from server 89797.
Retrieved Nimya Solid Men's Polo Neck T-Shirt from server 7129.
Retrieved Toyto Men Sandals from server 53444.
Retrieved Springwel Single Spring Mattress from server 90337.
Stored Lal Pet Products Lal1407 S Pet Bed on server 47591.
Retrieved Leelan Women's Solid Casual Shirt from server 70022.
Retrieved Lal Pet Products Lal1407 S Pet Bed from server 47591.
Stored Maxima 04608CMGY Gold Analog Watch  - For Men on server 28934.
Retrieved ezyPRNT "BC" Golf Ball -   Size: 4,  Diameter: 4.26 cm from server 38568.
Retrieved Miracle Retail Bonsai Wild Plant Artificial Plant  with Pot from server 70693.
Retrieved XEBAC XEBAC-ADAPTER-B725 Battery Charger from server 89797.
Retrieved Abhira Top Girl's  Combo from server 36791.
Stored Kashana Fashions Women's Solid Casual Shirt on server 16836.
Stored Lal Pet Products Lal1407 S Pet Bed on server 47591.
Retrieved Jewels5 Allene Yellow Gold Diamond 18 K Ring from server 23674.
Retrieved Auburn Lm Loafers from server 57691.
Stored Sovam International Krishna With Cow Idol Showpiece  -  6 cm on server 18791.
Stored Indian Charm Multicolor Poth Beads Glass Necklace on server 89849.
Retrieved Engage Combo Set from server 34959.
Retrieved Nillkin Z3-84345 Mirror Screen Guard for Blackberry Z3 from server 55603.
Retrieved Oviyon Embroidered Men's Polo Neck T-Shirt from server 7129.
Retrieved Enthopia Back Cover for iPad Air, iPad 5 from server 57691.
Retrieved HRX Casual Sleeveless Printed Women's Top from server 69377.
Retrieved Galz4ever Royal Designer Alloy Necklace from server 84270.
Retrieved La Rochelle Women's Leggings from server 26143.
Retrieved i-KitPit Pouch for Lenovo A369i from server 84270.
Retrieved SFDS Casual, Formal, Party Sleeveless Self Design Women's Top from server 67620.
Retrieved Albely Casual Short Sleeve Solid Women's Top from server 55881.
Stored 99 Moves Boots on server 13162.
Retrieved DakshCraft Handmade Copperware Serving Kadhai NA L from server 26850.
Retrieved Jewelizer Leather Bracelet from server 19528.
Retrieved HRX Casual Sleeveless Printed Women's Top from server 69377.
Stored Arial Morris Women Flats on server 70022.
Retrieved Fanideaz Printed Men's Round Neck Grey T-Shirt from server 7129.
Retrieved Lal Haveli House Kitchen Decorative Solid Almirah Wooden Stool Showpiece  -  45.72 cm from server 32041.
Retrieved Enthopia Flip Cover for iPad 2, iPad 3, iPad 4 from server 32041.
Retrieved SUNWIN Women's Pyjama from server 88582.
Retrieved Tapyti Party Sleeveless Solid Women's Top from server 88582.
Retrieved Selfcare Women's Thong Panty from server 89849.
Stored Nimya Solid Men's Polo Neck T-Shirt on server 37976.
Retrieved FURNISHINGLAND Brown Polyester Carpet from server 22434.
Retrieved Grafion by Grafion - Comfort Feel Women's Full Coverage Bra from server 62332.
Stored ETTI ES47_BEIGE Wood Necklace on server 14628.
Retrieved Voylla Artificial Classic Plain Yellow Gold Plated Alloy Necklace from server 43003.
Retrieved JSR Paris Beauty Pro Women's Full Coverage Bra from server 69377.
Retrieved Arstoreindia Boots from server 94705.
Stored Arden Terry Derby Boots on server 88582.
Retrieved Arial Morris Women Flats from server 70022.
Retrieved Nimya Solid Men's Polo Neck T-Shirt from server 37976.
Retrieved DailyObjects Back Cover for Apple iPad 2/3/4 from server 42053.
Stored KOHL Wine Bag Yellow on server 32041.
Retrieved TIMBERLAKE Slim Fit Fit Women's Blue Jeans from server 61145.
Stored HUNYBUNI V-Neck Women's Blouse on server 61040.
Stored Elite Collection Medium Acrylic Sticker on server 55881.
Stored Okane Striped Men's Polo Neck T-Shirt on server 94705.
Retrieved Sierra Women's Shift Dress from server 32780.
Retrieved Elite Collection Medium Acrylic Sticker from server 55881.
Retrieved Rampwalk Casual Sleeveless Solid Women's Top from server 28699.
Stored Calcetto Outdoor Sneakers on server 89797.
Stored Figo Fashion LL-1006BLK Analog Watch  - For Women on server 15331.
Stored ShopSince Plain Single Electric Blanket Multicolour on server 77720.
Stored Cross Fingers Honda Two Wheeler Cover on server 26143.
Retrieved ezyPRNT "BC" Golf Ball -   Size: 4,  Diameter: 4.26 cm from server 38568.
Retrieved DLOOP Hand-held Bag from server 23978.
Retrieved Rakam Gold Diamond Yellow Gold 18 K Ring from server 36791.
Retrieved Shopat7 Barbie Friends Art Plastic Pencil Box from server 47008.
Retrieved Calcetto Outdoor Sneakers from server 89797.
Retrieved Rampwalk Casual Sleeveless Solid Women's Top from server 28699.
Stored Frames MDF Photo Frame on server 7129.
Stored Devina Jewels Platinum Silver Pendant on server 51171.
Stored Easy Walk Women Heels on server 15331.
Retrieved Arstoreindia Boots from server 94705.
Stored Wow Acrylic Necklace on server 77728.
Retrieved DailyObjects Back Cover for Apple iPad 2/3/4 from server 42053.
Retrieved Tenda FH330 from server 13162.
Retrieved The Fine World Glitzy Shimmering Stones Brass Zircon Metal Drop Earring from server 51171.
Stored Grafion Women Wedges on server 47591.
Stored NELL Women Wedges on server 61040.
Stored Spa Culture Fit Fit Women's Light Blue Jeans on server 53615.
Retrieved Rann Women's Leggings from server 22434.
Retrieved Ladyland Daisy Purple Women's Full Coverage Bra from server 23250.
Retrieved Devina Jewels Platinum Silver Pendant from server 51171.
Stored Dongli Striped Baby Boy's Polo Neck T-Shirt on server 76794.
Stored Digilight 400 inch Yellow, Blue, Pink Rice Lights on server 51171.
Retrieved Garfield Casual Short Sleeve Printed Women's Top from server 23250.
Retrieved Galz4ever Royal Designer Alloy Necklace from server 84270.
Stored FEET FLOW Women Flats on server 43003.
Retrieved Tenda FH330 from server 13162.
Retrieved C Kreul Bullet Tip Acrylic Colour Based Medium Paint Markers from server 51171.
Stored beebay Slim Fit Girl's Trousers on server 62332.
Retrieved S4S Comfortable Women's Full Coverage Bra from server 13162.
Stored Allure Auto CM 1472 Car Mat Hyundai Verna on server 23250.
Stored Trendy Toon Cat Art Metal Pencil Box on server 54009.
Stored IDBC GLOBAL Shoulder Bag on server 11722.
Stored Allure Auto CM 1544 Car Mat Tata Vista on server 34959.
Retrieved Pinq Chiq Women Heels from server 47008.
Retrieved Fabulloso Metal Dangle Earring from server 70231.
Stored My Foot Women Wedges on server 89797.
Retrieved Selfcare Women's Thong Panty from server 89849.
Retrieved Theskinmantra Sleeve for All versions of Apple ipad from server 85828.
Retrieved Cutecumber Girl's High Low Dress from server 89797.
Retrieved Sierra Women's Shift Dress from server 32780.
Stored C9 Women's Sports Bra on server 47591.
Retrieved Speedwav 77341 Handlebar from server 46506.
Stored S4S Stylish Women's Full Coverage Bra on server 70231.
Stored People Casual Short Sleeve Printed Women's Top on server 77720.
Retrieved Rapter BNC-047 BNC Wire Connector from server 19770.
Retrieved Tenda TE-D830R from server 75069.
Retrieved Digilight 400 inch Yellow, Blue, Pink Rice Lights from server 7164.
Stored Naaz Tic Tac Toe mini Board Game on server 23674.
Stored Little India Abstract Double Quilts & Comforters Brown on server 19723.
Stored EDGE PLUS BODY PANEL FOR NOKIA 7230 SLIDE Front & Back Panel on server 38998.
Retrieved Asmi"s INTERNATIONAL 1 BIG Headlight FlashLight LED Spot Light from server 51171.
Retrieved Devina Jewels Platinum Silver Pendant from server 7164.
Retrieved Sapatos Geometric Single Duvet Purple & Pink from server 36791.
Stored Classique Designer Jewellery Alloy Pearl Rhodium Bangle Set on server 32780.
Retrieved People Casual Short Sleeve Printed Women's Top from server 77720.
Retrieved GALLOWAY skinny Fit Women's Jeans from server 76794.
Stored FIFO Bottom Women's  Combo on server 26850.
Retrieved Sam Rolling Pizza Cutter from server 51171.
Stored Nutcase Sticker Wrap Design - Teal & Pink Watercolors 800 ml Bottle on server 70231.
Retrieved Allure Auto CM 762 Car Mat Hyundai Verna from server 43003.
Stored Nirlon Kadhai 3 L on server 89797.
Retrieved NELL Women Wedges from server 61040.
Retrieved Kaaryah Formal Short Sleeve Solid Women's Top from server 32780.
Stored Blacksmith Analog Wall Clock on server 30986.
Stored SayItLoud Printed Men's Round Neck T-Shirt on server 47008.
Retrieved Figo Fashion LL-1006BLK Analog Watch  - For Women from server 15331.
Stored Allure Auto CM 1567 Car Mat Chevrolet Enjoy on server 21512.
Retrieved Ladyland Daisy Purple Women's Full Coverage Bra from server 23250.
Retrieved Marc N' Park Men's Solid Casual Shirt from server 26850.
Stored Itiha Home Liquid Air Freshener on server 26063.
Retrieved FURNISHINGLAND Brown Polyester Carpet from server 22434.
Retrieved Shaun TrackPant Solid Girl's Track Pants from server 30986.
Stored Pavino Men's Solid Casual Shirt on server 38998.
Retrieved Voylla Crystal Alloy Necklace from server 23978.
Retrieved Jewelizer Leather Bracelet from server 19528.
Retrieved Volaliva Metal Choker from server 7164.
Stored DSC Pearl Alloy Necklace on server 23250.
Retrieved TheLostPuppy Back Cover for Apple iPad Air 2 from server 74634.
Retrieved La Rochelle Women's Leggings from server 26143.
Retrieved C9 Women's Sports Bra from server 47591.
Retrieved Tenda TE-D830R from server 75069.
Retrieved MOOI-ZAK Girls, Women Purple, Black PU Sling Bag from server 7129.
Retrieved wallskart Floral & Botanical Wallpaper from server 64234.
Retrieved C9 Women's Sports Bra from server 47591.
Retrieved Oly Two Fit Fit Women's Black Jeans from server 19723.
Retrieved Provogue Slim Fit Men's Jeans from server 14628.
Retrieved Toyto Men Sandals from server 47008.
Retrieved My Design Lac 8K Yellow Gold Bangle Set from server 54009.
Retrieved Platignum Retractable Fountain Pen from server 61040.
Retrieved My Foot Women Wedges from server 89797.
Retrieved TheLostPuppy Back Cover for Apple iPad Air 2 from server 74634.
Retrieved Nillkin Z3-84345 Mirror Screen Guard for Blackberry Z3 from server 55603.
Retrieved Aurraa Printed Single Quilts & Comforters Green from server 18791.
Retrieved Toyto Men Sandals from server 47008.
Retrieved Love Bright Jewelry Sterling Silver Cubic Zirconia Rose Gold Ring from server 94705.
Retrieved Provalley Solid Boy's Basic Shorts from server 23250.
